Archive member included to satisfy reference by file (symbol)

c:/st/stm32cubeide_1.2.0/stm32cubeide/plugins/com.st.stm32cube.ide.mcu.externaltools.gnu-tools-for-stm32.7-2018-q2-update.win32_1.0.0.201904181610/tools/bin/../lib/gcc/arm-none-eabi/7.3.1/../../../../arm-none-eabi/lib/thumb/v7e-m/fpv5/hard\libc_nano.a(lib_a-errno.o)
                              Core/Src/syscalls.o (__errno)
c:/st/stm32cubeide_1.2.0/stm32cubeide/plugins/com.st.stm32cube.ide.mcu.externaltools.gnu-tools-for-stm32.7-2018-q2-update.win32_1.0.0.201904181610/tools/bin/../lib/gcc/arm-none-eabi/7.3.1/../../../../arm-none-eabi/lib/thumb/v7e-m/fpv5/hard\libc_nano.a(lib_a-exit.o)
                              c:/st/stm32cubeide_1.2.0/stm32cubeide/plugins/com.st.stm32cube.ide.mcu.externaltools.gnu-tools-for-stm32.7-2018-q2-update.win32_1.0.0.201904181610/tools/bin/../lib/gcc/arm-none-eabi/7.3.1/../../../../arm-none-eabi/lib/thumb/v7e-m/fpv5/hard/crt0.o (exit)
c:/st/stm32cubeide_1.2.0/stm32cubeide/plugins/com.st.stm32cube.ide.mcu.externaltools.gnu-tools-for-stm32.7-2018-q2-update.win32_1.0.0.201904181610/tools/bin/../lib/gcc/arm-none-eabi/7.3.1/../../../../arm-none-eabi/lib/thumb/v7e-m/fpv5/hard\libc_nano.a(lib_a-impure.o)
                              c:/st/stm32cubeide_1.2.0/stm32cubeide/plugins/com.st.stm32cube.ide.mcu.externaltools.gnu-tools-for-stm32.7-2018-q2-update.win32_1.0.0.201904181610/tools/bin/../lib/gcc/arm-none-eabi/7.3.1/../../../../arm-none-eabi/lib/thumb/v7e-m/fpv5/hard\libc_nano.a(lib_a-exit.o) (_global_impure_ptr)
c:/st/stm32cubeide_1.2.0/stm32cubeide/plugins/com.st.stm32cube.ide.mcu.externaltools.gnu-tools-for-stm32.7-2018-q2-update.win32_1.0.0.201904181610/tools/bin/../lib/gcc/arm-none-eabi/7.3.1/../../../../arm-none-eabi/lib/thumb/v7e-m/fpv5/hard\libc_nano.a(lib_a-init.o)
                              c:/st/stm32cubeide_1.2.0/stm32cubeide/plugins/com.st.stm32cube.ide.mcu.externaltools.gnu-tools-for-stm32.7-2018-q2-update.win32_1.0.0.201904181610/tools/bin/../lib/gcc/arm-none-eabi/7.3.1/../../../../arm-none-eabi/lib/thumb/v7e-m/fpv5/hard/crt0.o (__libc_init_array)
c:/st/stm32cubeide_1.2.0/stm32cubeide/plugins/com.st.stm32cube.ide.mcu.externaltools.gnu-tools-for-stm32.7-2018-q2-update.win32_1.0.0.201904181610/tools/bin/../lib/gcc/arm-none-eabi/7.3.1/../../../../arm-none-eabi/lib/thumb/v7e-m/fpv5/hard\libc_nano.a(lib_a-memset.o)
                              c:/st/stm32cubeide_1.2.0/stm32cubeide/plugins/com.st.stm32cube.ide.mcu.externaltools.gnu-tools-for-stm32.7-2018-q2-update.win32_1.0.0.201904181610/tools/bin/../lib/gcc/arm-none-eabi/7.3.1/../../../../arm-none-eabi/lib/thumb/v7e-m/fpv5/hard/crt0.o (memset)
c:/st/stm32cubeide_1.2.0/stm32cubeide/plugins/com.st.stm32cube.ide.mcu.externaltools.gnu-tools-for-stm32.7-2018-q2-update.win32_1.0.0.201904181610/tools/bin/../lib/gcc/arm-none-eabi/7.3.1/../../../../arm-none-eabi/lib/thumb/v7e-m/fpv5/hard\libc_nano.a(lib_a-sprintf.o)
                              Core/Src/main.o (sprintf)
c:/st/stm32cubeide_1.2.0/stm32cubeide/plugins/com.st.stm32cube.ide.mcu.externaltools.gnu-tools-for-stm32.7-2018-q2-update.win32_1.0.0.201904181610/tools/bin/../lib/gcc/arm-none-eabi/7.3.1/../../../../arm-none-eabi/lib/thumb/v7e-m/fpv5/hard\libc_nano.a(lib_a-strlen.o)
                              Core/Src/main.o (strlen)
c:/st/stm32cubeide_1.2.0/stm32cubeide/plugins/com.st.stm32cube.ide.mcu.externaltools.gnu-tools-for-stm32.7-2018-q2-update.win32_1.0.0.201904181610/tools/bin/../lib/gcc/arm-none-eabi/7.3.1/../../../../arm-none-eabi/lib/thumb/v7e-m/fpv5/hard\libc_nano.a(lib_a-nano-svfprintf.o)
                              c:/st/stm32cubeide_1.2.0/stm32cubeide/plugins/com.st.stm32cube.ide.mcu.externaltools.gnu-tools-for-stm32.7-2018-q2-update.win32_1.0.0.201904181610/tools/bin/../lib/gcc/arm-none-eabi/7.3.1/../../../../arm-none-eabi/lib/thumb/v7e-m/fpv5/hard\libc_nano.a(lib_a-sprintf.o) (_svfprintf_r)
c:/st/stm32cubeide_1.2.0/stm32cubeide/plugins/com.st.stm32cube.ide.mcu.externaltools.gnu-tools-for-stm32.7-2018-q2-update.win32_1.0.0.201904181610/tools/bin/../lib/gcc/arm-none-eabi/7.3.1/../../../../arm-none-eabi/lib/thumb/v7e-m/fpv5/hard\libc_nano.a(lib_a-nano-vfprintf_i.o)
                              c:/st/stm32cubeide_1.2.0/stm32cubeide/plugins/com.st.stm32cube.ide.mcu.externaltools.gnu-tools-for-stm32.7-2018-q2-update.win32_1.0.0.201904181610/tools/bin/../lib/gcc/arm-none-eabi/7.3.1/../../../../arm-none-eabi/lib/thumb/v7e-m/fpv5/hard\libc_nano.a(lib_a-nano-svfprintf.o) (_printf_i)
c:/st/stm32cubeide_1.2.0/stm32cubeide/plugins/com.st.stm32cube.ide.mcu.externaltools.gnu-tools-for-stm32.7-2018-q2-update.win32_1.0.0.201904181610/tools/bin/../lib/gcc/arm-none-eabi/7.3.1/../../../../arm-none-eabi/lib/thumb/v7e-m/fpv5/hard\libc_nano.a(lib_a-memchr.o)
[...]
Memory Configuration

Name             Origin             Length             Attributes
RAM              0x0000000020000000 0x0000000000080000 xrw
FLASH            0x0000000008000000 0x0000000000200000 xr
*default*        0x0000000000000000 0xffffffffffffffff

Linker script and memory map

LOAD c:/st/stm32cubeide_1.2.0/stm32cubeide/plugins/com.st.stm32cube.ide.mcu.externaltools.gnu-tools-for-stm32.7-2018-q2-update.win32_1.0.0.201904181610/tools/bin/../lib/gcc/arm-none-eabi/7.3.1/thumb/v7e-m/fpv5/hard/crti.o
LOAD c:/st/stm32cubeide_1.2.0/stm32cubeide/plugins/com.st.stm32cube.ide.mcu.externaltools.gnu-tools-for-stm32.7-2018-q2-update.win32_1.0.0.201904181610/tools/bin/../lib/gcc/arm-none-eabi/7.3.1/thumb/v7e-m/fpv5/hard/crtbegin.o
LOAD c:/st/stm32cubeide_1.2.0/stm32cubeide/plugins/com.st.stm32cube.ide.mcu.externaltools.gnu-tools-for-stm32.7-2018-q2-update.win32_1.0.0.201904181610/tools/bin/../lib/gcc/arm-none-eabi/7.3.1/../../../../arm-none-eabi/lib/thumb/v7e-m/fpv5/hard/crt0.o
LOAD Core/Src/main.o
LOAD Core/Src/stm32f7xx_hal_msp.o
LOAD Core/Src/stm32f7xx_it.o
LOAD Core/Src/syscalls.o
LOAD Core/Src/sysmem.o
LOAD Core/Src/system_stm32f7xx.o
LOAD Core/Startup/startup_stm32f767zitx.o
LOAD Drivers/STM32F7xx_HAL_Driver/Src/stm32f7xx_hal.o
LOAD Drivers/STM32F7xx_HAL_Driver/Src/stm32f7xx_hal_cortex.o
LOAD Drivers/STM32F7xx_HAL_Driver/Src/stm32f7xx_hal_dma.o
LOAD Drivers/STM32F7xx_HAL_Driver/Src/stm32f7xx_hal_dma_ex.o
LOAD Drivers/STM32F7xx_HAL_Driver/Src/stm32f7xx_hal_exti.o
LOAD Drivers/STM32F7xx_HAL_Driver/Src/stm32f7xx_hal_flash.o
LOAD Drivers/STM32F7xx_HAL_Driver/Src/stm32f7xx_hal_flash_ex.o
LOAD Drivers/STM32F7xx_HAL_Driver/Src/stm32f7xx_hal_gpio.o
LOAD Drivers/STM32F7xx_HAL_Driver/Src/stm32f7xx_hal_i2c.o
LOAD Drivers/STM32F7xx_HAL_Driver/Src/stm32f7xx_hal_i2c_ex.o
LOAD Drivers/STM32F7xx_HAL_Driver/Src/stm32f7xx_hal_pwr.o
LOAD Drivers/STM32F7xx_HAL_Driver/Src/stm32f7xx_hal_pwr_ex.o
LOAD Drivers/STM32F7xx_HAL_Driver/Src/stm32f7xx_hal_rcc.o
LOAD Drivers/STM32F7xx_HAL_Driver/Src/stm32f7xx_hal_rcc_ex.o
LOAD Drivers/STM32F7xx_HAL_Driver/Src/stm32f7xx_hal_tim.o
LOAD Drivers/STM32F7xx_HAL_Driver/Src/stm32f7xx_hal_tim_ex.o
LOAD Drivers/STM32F7xx_HAL_Driver/Src/stm32f7xx_hal_uart.o
LOAD Drivers/STM32F7xx_HAL_Driver/Src/stm32f7xx_hal_uart_ex.o
LOAD Drivers/STM32F7xx_HAL_Driver/Src/stm32f7xx_hal_usart.o
LOAD Drivers/STM32F7xx_HAL_Driver/Src/stm32f7xx_ll_dma.o
LOAD Drivers/STM32F7xx_HAL_Driver/Src/stm32f7xx_ll_exti.o
LOAD Drivers/STM32F7xx_HAL_Driver/Src/stm32f7xx_ll_gpio.o
LOAD Drivers/STM32F7xx_HAL_Driver/Src/stm32f7xx_ll_rcc.o
LOAD Drivers/STM32F7xx_HAL_Driver/Src/stm32f7xx_ll_tim.o
LOAD Drivers/STM32F7xx_HAL_Driver/Src/stm32f7xx_ll_utils.o
START GROUP
LOAD c:/st/stm32cubeide_1.2.0/stm32cubeide/plugins/com.st.stm32cube.ide.mcu.externaltools.gnu-tools-for-stm32.7-2018-q2-update.win32_1.0.0.201904181610/tools/bin/../lib/gcc/arm-none-eabi/7.3.1/../../../../arm-none-eabi/lib/thumb/v7e-m/fpv5/hard\libc_nano.a
LOAD c:/st/stm32cubeide_1.2.0/stm32cubeide/plugins/com.st.stm32cube.ide.mcu.externaltools.gnu-tools-for-stm32.7-2018-q2-update.win32_1.0.0.201904181610/tools/bin/../lib/gcc/arm-none-eabi/7.3.1/../../../../arm-none-eabi/lib/thumb/v7e-m/fpv5/hard\libm.a
END GROUP
START GROUP
LOAD c:/st/stm32cubeide_1.2.0/stm32cubeide/plugins/com.st.stm32cube.ide.mcu.externaltools.gnu-tools-for-stm32.7-2018-q2-update.win32_1.0.0.201904181610/tools/bin/../lib/gcc/arm-none-eabi/7.3.1/thumb/v7e-m/fpv5/hard\libgcc.a
LOAD c:/st/stm32cubeide_1.2.0/stm32cubeide/plugins/com.st.stm32cube.ide.mcu.externaltools.gnu-tools-for-stm32.7-2018-q2-update.win32_1.0.0.201904181610/tools/bin/../lib/gcc/arm-none-eabi/7.3.1/../../../../arm-none-eabi/lib/thumb/v7e-m/fpv5/hard\libc_nano.a
END GROUP
START GROUP
LOAD c:/st/stm32cubeide_1.2.0/stm32cubeide/plugins/com.st.stm32cube.ide.mcu.externaltools.gnu-tools-for-stm32.7-2018-q2-update.win32_1.0.0.201904181610/tools/bin/../lib/gcc/arm-none-eabi/7.3.1/thumb/v7e-m/fpv5/hard\libgcc.a
LOAD c:/st/stm32cubeide_1.2.0/stm32cubeide/plugins/com.st.stm32cube.ide.mcu.externaltools.gnu-tools-for-stm32.7-2018-q2-update.win32_1.0.0.201904181610/tools/bin/../lib/gcc/arm-none-eabi/7.3.1/../../../../arm-none-eabi/lib/thumb/v7e-m/fpv5/hard\libc_nano.a
LOAD c:/st/stm32cubeide_1.2.0/stm32cubeide/plugins/com.st.stm32cube.ide.mcu.externaltools.gnu-tools-for-stm32.7-2018-q2-update.win32_1.0.0.201904181610/tools/bin/../lib/gcc/arm-none-eabi/7.3.1/../../../../arm-none-eabi/lib/thumb/v7e-m/fpv5/hard\libnosys.a
END GROUP
START GROUP
LOAD c:/st/stm32cubeide_1.2.0/stm32cubeide/plugins/com.st.stm32cube.ide.mcu.externaltools.gnu-tools-for-stm32.7-2018-q2-update.win32_1.0.0.201904181610/tools/bin/../lib/gcc/arm-none-eabi/7.3.1/thumb/v7e-m/fpv5/hard\libgcc.a
LOAD c:/st/stm32cubeide_1.2.0/stm32cubeide/plugins/com.st.stm32cube.ide.mcu.externaltools.gnu-tools-for-stm32.7-2018-q2-update.win32_1.0.0.201904181610/tools/bin/../lib/gcc/arm-none-eabi/7.3.1/../../../../arm-none-eabi/lib/thumb/v7e-m/fpv5/hard\libc_nano.a
LOAD c:/st/stm32cubeide_1.2.0/stm32cubeide/plugins/com.st.stm32cube.ide.mcu.externaltools.gnu-tools-for-stm32.7-2018-q2-update.win32_1.0.0.201904181610/tools/bin/../lib/gcc/arm-none-eabi/7.3.1/../../../../arm-none-eabi/lib/thumb/v7e-m/fpv5/hard\libnosys.a
END GROUP
LOAD c:/st/stm32cubeide_1.2.0/stm32cubeide/plugins/com.st.stm32cube.ide.mcu.externaltools.gnu-tools-for-stm32.7-2018-q2-update.win32_1.0.0.201904181610/tools/bin/../lib/gcc/arm-none-eabi/7.3.1/thumb/v7e-m/fpv5/hard/crtend.o
LOAD c:/st/stm32cubeide_1.2.0/stm32cubeide/plugins/com.st.stm32cube.ide.mcu.externaltools.gnu-tools-for-stm32.7-2018-q2-update.win32_1.0.0.201904181610/tools/bin/../lib/gcc/arm-none-eabi/7.3.1/thumb/v7e-m/fpv5/hard/crtn.o
                0x0000000020080000                _estack = (ORIGIN (RAM) + LENGTH (RAM))
                0x0000000000000200                _Min_Heap_Size = 0x200
                0x0000000000000400                _Min_Stack_Size = 0x400

.isr_vector     0x0000000008000000      0x1f8
                0x0000000008000000                . = ALIGN (0x4)
 *(.isr_vector)
 .isr_vector    0x0000000008000000      0x1f8 Core/Startup/startup_stm32f767zitx.o
                0x0000000008000000                g_pfnVectors
                0x00000000080001f8                . = ALIGN (0x4)

.text           0x0000000008000200     0x48a0
                0x0000000008000200                . = ALIGN (0x4)
 *(.text)
 .text          0x0000000008000200       0x40 c:/st/stm32cubeide_1.2.0/stm32cubeide/plugins/com.st.stm32cube.ide.mcu.externaltools.gnu-tools-for-stm32.7-2018-q2-update.win32_1.0.0.201904181610/tools/bin/../lib/gcc/arm-none-eabi/7.3.1/thumb/v7e-m/fpv5/hard/crtbegin.o
 .text          0x0000000008000240       0x10 c:/st/stm32cubeide_1.2.0/stm32cubeide/plugins/com.st.stm32cube.ide.mcu.externaltools.gnu-tools-for-stm32.7-2018-q2-update.win32_1.0.0.201904181610/tools/bin/../lib/gcc/arm-none-eabi/7.3.1/../../../../arm-none-eabi/lib/thumb/v7e-m/fpv5/hard\libc_nano.a(lib_a-strlen.o)
                0x0000000008000240                strlen
 .text          0x0000000008000250       0xa0 c:/st/stm32cubeide_1.2.0/stm32cubeide/plugins/com.st.stm32cube.ide.mcu.externaltools.gnu-tools-for-stm32.7-2018-q2-update.win32_1.0.0.201904181610/tools/bin/../lib/gcc/arm-none-eabi/7.3.1/../../../../arm-none-eabi/lib/thumb/v7e-m/fpv5/hard\libc_nano.a(lib_a-memchr.o)
                0x0000000008000250                memchr
 .text          0x00000000080002f0       0x30 c:/st/stm32cubeide_1.2.0/stm32cubeide/plugins/com.st.stm32cube.ide.mcu.externaltools.gnu-tools-for-stm32.7-2018-q2-update.win32_1.0.0.201904181610/tools/bin/../lib/gcc/arm-none-eabi/7.3.1/thumb/v7e-m/fpv5/hard\libgcc.a(_aeabi_uldivmod.o)
                0x00000000080002f0                __aeabi_uldivmod
 .text          0x0000000008000320      0x2cc c:/st/stm32cubeide_1.2.0/stm32cubeide/plugins/com.st.stm32cube.ide.mcu.externaltools.gnu-tools-for-stm32.7-2018-q2-update.win32_1.0.0.201904181610/tools/bin/../lib/gcc/arm-none-eabi/7.3.1/thumb/v7e-m/fpv5/hard\libgcc.a(_udivmoddi4.o)
                0x0000000008000320                __udivmoddi4
 .text          0x00000000080005ec        0x4 c:/st/stm32cubeide_1.2.0/stm32cubeide/plugins/com.st.stm32cube.ide.mcu.externaltools.gnu-tools-for-stm32.7-2018-q2-update.win32_1.0.0.201904181610/tools/bin/../lib/gcc/arm-none-eabi/7.3.1/thumb/v7e-m/fpv5/hard\libgcc.a(_dvmd_tls.o)
                0x00000000080005ec                __aeabi_idiv0
                0x00000000080005ec                __aeabi_ldiv0
 *(.text*)
 .text.LL_TIM_EnableCounter
                0x00000000080005f0       0x20 Core/Src/main.o
 .text.LL_TIM_DisableARRPreload
                0x0000000008000610       0x20 Core/Src/main.o
 .text.LL_TIM_SetCounter
                0x0000000008000630       0x1c Core/Src/main.o
 .text.LL_TIM_GetCounter
                0x000000000800064c       0x18 Core/Src/main.o
 .text.LL_TIM_SetClockSource
                0x0000000008000664       0x2c Core/Src/main.o
 .text.LL_TIM_SetTriggerOutput
                0x0000000008000690       0x26 Core/Src/main.o
 .text.LL_TIM_SetTriggerOutput2
                0x00000000080006b6       0x26 Core/Src/main.o
 .text.LL_TIM_DisableMasterSlaveMode
                0x00000000080006dc       0x20 Core/Src/main.o
 .text.LL_APB1_GRP1_EnableClock
                0x00000000080006fc       0x30 Core/Src/main.o
 .text.LL_APB2_GRP1_EnableClock
                0x000000000800072c       0x30 Core/Src/main.o
 .text.main     0x000000000800075c      0x184 Core/Src/main.o
                0x000000000800075c                main
 .text.SystemClock_Config
                0x00000000080008e0      0x128 Core/Src/main.o
                0x00000000080008e0                SystemClock_Config
 .text.MX_TIM1_Init
                0x0000000008000a08       0x6c Core/Src/main.o
 .text.MX_TIM2_Init
                0x0000000008000a74       0x64 Core/Src/main.o
 .text.MX_UART7_Init
                0x0000000008000ad8       0x68 Core/Src/main.o
 .text.MX_USART3_Init
                0x0000000008000b40       0x58 Core/Src/main.o
 .text.MX_DMA_Init
                0x0000000008000b98       0x3c Core/Src/main.o
 .text.MX_GPIO_Init
                0x0000000008000bd4       0xc4 Core/Src/main.o
 .text.HAL_UART_RxCpltCallback
                0x0000000008000c98       0x48 Core/Src/main.o
                0x0000000008000c98                HAL_UART_RxCpltCallback
 .text.Error_Handler
                0x0000000008000ce0        0xe Core/Src/main.o
                0x0000000008000ce0                Error_Handler
 *fill*         0x0000000008000cee        0x2 
 .text.HAL_MspInit
                0x0000000008000cf0       0x48 Core/Src/stm32f7xx_hal_msp.o
                0x0000000008000cf0                HAL_MspInit
 .text.HAL_UART_MspInit
                0x0000000008000d38       0xf0 Core/Src/stm32f7xx_hal_msp.o
                0x0000000008000d38                HAL_UART_MspInit
 .text.HAL_USART_MspInit
                0x0000000008000e28       0xc8 Core/Src/stm32f7xx_hal_msp.o
                0x0000000008000e28                HAL_USART_MspInit
 .text.NMI_Handler
                0x0000000008000ef0        0xe Core/Src/stm32f7xx_it.o
                0x0000000008000ef0                NMI_Handler
 .text.HardFault_Handler
                0x0000000008000efe        0x6 Core/Src/stm32f7xx_it.o
                0x0000000008000efe                HardFault_Handler
 .text.MemManage_Handler
                0x0000000008000f04        0x6 Core/Src/stm32f7xx_it.o
                0x0000000008000f04                MemManage_Handler
 .text.BusFault_Handler
                0x0000000008000f0a        0x6 Core/Src/stm32f7xx_it.o
                0x0000000008000f0a                BusFault_Handler
 .text.UsageFault_Handler
                0x0000000008000f10        0x6 Core/Src/stm32f7xx_it.o
                0x0000000008000f10                UsageFault_Handler
 .text.SVC_Handler
                0x0000000008000f16        0xe Core/Src/stm32f7xx_it.o
                0x0000000008000f16                SVC_Handler
 .text.DebugMon_Handler
                0x0000000008000f24        0xe Core/Src/stm32f7xx_it.o
                0x0000000008000f24                DebugMon_Handler
 .text.PendSV_Handler
                0x0000000008000f32        0xe Core/Src/stm32f7xx_it.o
                0x0000000008000f32                PendSV_Handler
 .text.SysTick_Handler
                0x0000000008000f40        0xc Core/Src/stm32f7xx_it.o
                0x0000000008000f40                SysTick_Handler
 .text.DMA1_Stream3_IRQHandler
                0x0000000008000f4c       0x14 Core/Src/stm32f7xx_it.o
                0x0000000008000f4c                DMA1_Stream3_IRQHandler
 .text._sbrk    0x0000000008000f60       0x58 Core/Src/sysmem.o
                0x0000000008000f60                _sbrk
 .text.SystemInit
                0x0000000008000fb8       0x6c Core/Src/system_stm32f7xx.o
                0x0000000008000fb8                SystemInit
 .text.Reset_Handler
                0x0000000008001024       0x50 Core/Startup/startup_stm32f767zitx.o
                0x0000000008001024                Reset_Handler
 .text.Default_Handler
                0x0000000008001074        0x2 Core/Startup/startup_stm32f767zitx.o
                0x0000000008001074                RTC_Alarm_IRQHandler
                0x0000000008001074                EXTI2_IRQHandler
                0x0000000008001074                TIM8_CC_IRQHandler
                0x0000000008001074                UART8_IRQHandler
                0x0000000008001074                SPI4_IRQHandler
                0x0000000008001074                TIM1_CC_IRQHandler
                0x0000000008001074                DMA2_Stream5_IRQHandler
                0x0000000008001074                JPEG_IRQHandler
                0x0000000008001074                DMA1_Stream5_IRQHandler
                0x0000000008001074                CAN3_RX1_IRQHandler
                0x0000000008001074                PVD_IRQHandler
                0x0000000008001074                TAMP_STAMP_IRQHandler
                0x0000000008001074                CAN2_RX1_IRQHandler
                0x0000000008001074                EXTI3_IRQHandler
                0x0000000008001074                TIM8_TRG_COM_TIM14_IRQHandler
                0x0000000008001074                DFSDM1_FLT1_IRQHandler
                0x0000000008001074                TIM1_UP_TIM10_IRQHandler
                0x0000000008001074                TIM8_UP_TIM13_IRQHandler
                0x0000000008001074                I2C3_ER_IRQHandler
                0x0000000008001074                DFSDM1_FLT2_IRQHandler
                0x0000000008001074                EXTI0_IRQHandler
                0x0000000008001074                I2C2_EV_IRQHandler
                0x0000000008001074                DMA1_Stream2_IRQHandler
                0x0000000008001074                CAN1_RX0_IRQHandler
                0x0000000008001074                FPU_IRQHandler
                0x0000000008001074                OTG_HS_WKUP_IRQHandler
                0x0000000008001074                CAN3_SCE_IRQHandler
                0x0000000008001074                LTDC_ER_IRQHandler
                0x0000000008001074                CAN2_SCE_IRQHandler
                0x0000000008001074                DMA2_Stream2_IRQHandler
                0x0000000008001074                SPI1_IRQHandler
                0x0000000008001074                TIM6_DAC_IRQHandler
                0x0000000008001074                TIM1_BRK_TIM9_IRQHandler
                0x0000000008001074                DCMI_IRQHandler
                0x0000000008001074                CAN2_RX0_IRQHandler
                0x0000000008001074                DMA2_Stream3_IRQHandler
                0x0000000008001074                SAI2_IRQHandler
                0x0000000008001074                DFSDM1_FLT3_IRQHandler
                0x0000000008001074                USART6_IRQHandler
                0x0000000008001074                CAN3_RX0_IRQHandler
                0x0000000008001074                USART3_IRQHandler
                0x0000000008001074                CAN1_RX1_IRQHandler
                0x0000000008001074                UART5_IRQHandler
                0x0000000008001074                DMA2_Stream0_IRQHandler
                0x0000000008001074                TIM4_IRQHandler
                0x0000000008001074                QUADSPI_IRQHandler
                0x0000000008001074                I2C1_EV_IRQHandler
                0x0000000008001074                DMA1_Stream6_IRQHandler
                0x0000000008001074                DMA1_Stream1_IRQHandler
                0x0000000008001074                UART4_IRQHandler
                0x0000000008001074                TIM3_IRQHandler
                0x0000000008001074                RCC_IRQHandler
                0x0000000008001074                TIM8_BRK_TIM12_IRQHandler
                0x0000000008001074                Default_Handler
                0x0000000008001074                CEC_IRQHandler
                0x0000000008001074                EXTI15_10_IRQHandler
                0x0000000008001074                ADC_IRQHandler
                0x0000000008001074                DMA1_Stream7_IRQHandler
                0x0000000008001074                SPI5_IRQHandler
                0x0000000008001074                TIM7_IRQHandler
                0x0000000008001074                SDMMC1_IRQHandler
                0x0000000008001074                CAN2_TX_IRQHandler
                0x0000000008001074                TIM5_IRQHandler
                0x0000000008001074                DMA2_Stream7_IRQHandler
                0x0000000008001074                I2C3_EV_IRQHandler
                0x0000000008001074                EXTI9_5_IRQHandler
                0x0000000008001074                RTC_WKUP_IRQHandler
                0x0000000008001074                LTDC_IRQHandler
                0x0000000008001074                ETH_WKUP_IRQHandler
                0x0000000008001074                SPDIF_RX_IRQHandler
                0x0000000008001074                SPI2_IRQHandler
                0x0000000008001074                OTG_HS_EP1_IN_IRQHandler
                0x0000000008001074                DMA1_Stream0_IRQHandler
                0x0000000008001074                CAN1_TX_IRQHandler
                0x0000000008001074                EXTI4_IRQHandler
                0x0000000008001074                RNG_IRQHandler
                0x0000000008001074                ETH_IRQHandler
                0x0000000008001074                OTG_HS_EP1_OUT_IRQHandler
                0x0000000008001074                WWDG_IRQHandler
                0x0000000008001074                SPI6_IRQHandler
                0x0000000008001074                MDIOS_IRQHandler
                0x0000000008001074                I2C4_EV_IRQHandler
                0x0000000008001074                CAN3_TX_IRQHandler
                0x0000000008001074                TIM2_IRQHandler
                0x0000000008001074                OTG_FS_WKUP_IRQHandler
                0x0000000008001074                TIM1_TRG_COM_TIM11_IRQHandler
                0x0000000008001074                OTG_HS_IRQHandler
                0x0000000008001074                DMA2D_IRQHandler
                0x0000000008001074                EXTI1_IRQHandler
                0x0000000008001074                SDMMC2_IRQHandler
                0x0000000008001074                UART7_IRQHandler
                0x0000000008001074                USART2_IRQHandler
                0x0000000008001074                DFSDM1_FLT0_IRQHandler
                0x0000000008001074                I2C2_ER_IRQHandler
                0x0000000008001074                DMA2_Stream1_IRQHandler
                0x0000000008001074                CAN1_SCE_IRQHandler
                0x0000000008001074                FLASH_IRQHandler
                0x0000000008001074                DMA2_Stream4_IRQHandler
                0x0000000008001074                USART1_IRQHandler
                0x0000000008001074                OTG_FS_IRQHandler
                0x0000000008001074                SPI3_IRQHandler
                0x0000000008001074                DMA1_Stream4_IRQHandler
                0x0000000008001074                I2C1_ER_IRQHandler
                0x0000000008001074                FMC_IRQHandler
                0x0000000008001074                LPTIM1_IRQHandler
                0x0000000008001074                I2C4_ER_IRQHandler
                0x0000000008001074                DMA2_Stream6_IRQHandler
                0x0000000008001074                SAI1_IRQHandler
 .text.HAL_Init
                0x0000000008001076       0x1a Drivers/STM32F7xx_HAL_Driver/Src/stm32f7xx_hal.o
                0x0000000008001076                HAL_Init
 .text.HAL_InitTick
                0x0000000008001090       0x60 Drivers/STM32F7xx_HAL_Driver/Src/stm32f7xx_hal.o
                0x0000000008001090                HAL_InitTick
 .text.HAL_IncTick
                0x00000000080010f0       0x28 Drivers/STM32F7xx_HAL_Driver/Src/stm32f7xx_hal.o
                0x00000000080010f0                HAL_IncTick
 .text.HAL_GetTick
                0x0000000008001118       0x18 Drivers/STM32F7xx_HAL_Driver/Src/stm32f7xx_hal.o
                0x0000000008001118                HAL_GetTick
 .text.HAL_Delay
                0x0000000008001130       0x44 Drivers/STM32F7xx_HAL_Driver/Src/stm32f7xx_hal.o
                0x0000000008001130                HAL_Delay
 .text.__NVIC_SetPriorityGrouping
                0x0000000008001174       0x48 Drivers/STM32F7xx_HAL_Driver/Src/stm32f7xx_hal_cortex.o
 .text.__NVIC_GetPriorityGrouping
                0x00000000080011bc       0x1c Drivers/STM32F7xx_HAL_Driver/Src/stm32f7xx_hal_cortex.o
 .text.__NVIC_EnableIRQ
                0x00000000080011d8       0x3c Drivers/STM32F7xx_HAL_Driver/Src/stm32f7xx_hal_cortex.o
 .text.__NVIC_SetPriority
                0x0000000008001214       0x54 Drivers/STM32F7xx_HAL_Driver/Src/stm32f7xx_hal_cortex.o
 .text.NVIC_EncodePriority
                0x0000000008001268       0x66 Drivers/STM32F7xx_HAL_Driver/Src/stm32f7xx_hal_cortex.o
 *fill*         0x00000000080012ce        0x2 
 .text.SysTick_Config
                0x00000000080012d0       0x44 Drivers/STM32F7xx_HAL_Driver/Src/stm32f7xx_hal_cortex.o
 .text.HAL_NVIC_SetPriorityGrouping
                0x0000000008001314       0x16 Drivers/STM32F7xx_HAL_Driver/Src/stm32f7xx_hal_cortex.o
                0x0000000008001314                HAL_NVIC_SetPriorityGrouping
 .text.HAL_NVIC_SetPriority
                0x000000000800132a       0x38 Drivers/STM32F7xx_HAL_Driver/Src/stm32f7xx_hal_cortex.o
                0x000000000800132a                HAL_NVIC_SetPriority
 .text.HAL_NVIC_EnableIRQ
                0x0000000008001362       0x1c Drivers/STM32F7xx_HAL_Driver/Src/stm32f7xx_hal_cortex.o
                0x0000000008001362                HAL_NVIC_EnableIRQ
 .text.HAL_SYSTICK_Config
                0x000000000800137e       0x18 Drivers/STM32F7xx_HAL_Driver/Src/stm32f7xx_hal_cortex.o
                0x000000000800137e                HAL_SYSTICK_Config
 *fill*         0x0000000008001396        0x2 
 .text.HAL_DMA_Init
                0x0000000008001398      0x15c Drivers/STM32F7xx_HAL_Driver/Src/stm32f7xx_hal_dma.o
                0x0000000008001398                HAL_DMA_Init
 .text.HAL_DMA_Start_IT
                0x00000000080014f4       0xc0 Drivers/STM32F7xx_HAL_Driver/Src/stm32f7xx_hal_dma.o
                0x00000000080014f4                HAL_DMA_Start_IT
 .text.HAL_DMA_IRQHandler
                0x00000000080015b4      0x314 Drivers/STM32F7xx_HAL_Driver/Src/stm32f7xx_hal_dma.o
                0x00000000080015b4                HAL_DMA_IRQHandler
 .text.DMA_SetConfig
                0x00000000080018c8       0x5c Drivers/STM32F7xx_HAL_Driver/Src/stm32f7xx_hal_dma.o
 .text.DMA_CalcBaseAndBitshift
                0x0000000008001924       0x6c Drivers/STM32F7xx_HAL_Driver/Src/stm32f7xx_hal_dma.o
 .text.DMA_CheckFifoParam
                0x0000000008001990       0xf4 Drivers/STM32F7xx_HAL_Driver/Src/stm32f7xx_hal_dma.o
 .text.HAL_GPIO_Init
                0x0000000008001a84      0x354 Drivers/STM32F7xx_HAL_Driver/Src/stm32f7xx_hal_gpio.o
                0x0000000008001a84                HAL_GPIO_Init
 .text.HAL_GPIO_WritePin
                0x0000000008001dd8       0x32 Drivers/STM32F7xx_HAL_Driver/Src/stm32f7xx_hal_gpio.o
                0x0000000008001dd8                HAL_GPIO_WritePin
 .text.HAL_GPIO_TogglePin
                0x0000000008001e0a       0x36 Drivers/STM32F7xx_HAL_Driver/Src/stm32f7xx_hal_gpio.o
                0x0000000008001e0a                HAL_GPIO_TogglePin
 .text.HAL_PWR_EnableBkUpAccess
                0x0000000008001e40       0x20 Drivers/STM32F7xx_HAL_Driver/Src/stm32f7xx_hal_pwr.o
                0x0000000008001e40                HAL_PWR_EnableBkUpAccess
 .text.HAL_PWREx_EnableOverDrive
                0x0000000008001e60       0xa0 Drivers/STM32F7xx_HAL_Driver/Src/stm32f7xx_hal_pwr_ex.o
                0x0000000008001e60                HAL_PWREx_EnableOverDrive
 .text.HAL_RCC_OscConfig
                0x0000000008001f00      0x4e4 Drivers/STM32F7xx_HAL_Driver/Src/stm32f7xx_hal_rcc.o
                0x0000000008001f00                HAL_RCC_OscConfig
 .text.HAL_RCC_ClockConfig
                0x00000000080023e4      0x1d0 Drivers/STM32F7xx_HAL_Driver/Src/stm32f7xx_hal_rcc.o
                0x00000000080023e4                HAL_RCC_ClockConfig
 .text.HAL_RCC_GetSysClockFreq
                0x00000000080025b4      0x1b0 Drivers/STM32F7xx_HAL_Driver/Src/stm32f7xx_hal_rcc.o
                0x00000000080025b4                HAL_RCC_GetSysClockFreq
 .text.HAL_RCC_GetHCLKFreq
                0x0000000008002764       0x18 Drivers/STM32F7xx_HAL_Driver/Src/stm32f7xx_hal_rcc.o
                0x0000000008002764                HAL_RCC_GetHCLKFreq
 .text.HAL_RCC_GetPCLK1Freq
                0x000000000800277c       0x28 Drivers/STM32F7xx_HAL_Driver/Src/stm32f7xx_hal_rcc.o
                0x000000000800277c                HAL_RCC_GetPCLK1Freq
 .text.HAL_RCC_GetPCLK2Freq
                0x00000000080027a4       0x28 Drivers/STM32F7xx_HAL_Driver/Src/stm32f7xx_hal_rcc.o
                0x00000000080027a4                HAL_RCC_GetPCLK2Freq
 .text.HAL_RCCEx_PeriphCLKConfig
                0x00000000080027cc      0x84c Drivers/STM32F7xx_HAL_Driver/Src/stm32f7xx_hal_rcc_ex.o
                0x00000000080027cc                HAL_RCCEx_PeriphCLKConfig
 .text.HAL_UART_Init
                0x0000000008003018       0x9c Drivers/STM32F7xx_HAL_Driver/Src/stm32f7xx_hal_uart.o
                0x0000000008003018                HAL_UART_Init
 .text.HAL_UART_Receive_DMA
                0x00000000080030b4      0x108 Drivers/STM32F7xx_HAL_Driver/Src/stm32f7xx_hal_uart.o
                0x00000000080030b4                HAL_UART_Receive_DMA
 .text.HAL_UART_RxHalfCpltCallback
                0x00000000080031bc       0x14 Drivers/STM32F7xx_HAL_Driver/Src/stm32f7xx_hal_uart.o
                0x00000000080031bc                HAL_UART_RxHalfCpltCallback
 .text.HAL_UART_ErrorCallback
                0x00000000080031d0       0x14 Drivers/STM32F7xx_HAL_Driver/Src/stm32f7xx_hal_uart.o
                0x00000000080031d0                HAL_UART_ErrorCallback
 .text.UART_SetConfig
                0x00000000080031e4      0x548 Drivers/STM32F7xx_HAL_Driver/Src/stm32f7xx_hal_uart.o
                0x00000000080031e4                UART_SetConfig
 .text.UART_AdvFeatureConfig
                0x000000000800372c      0x144 Drivers/STM32F7xx_HAL_Driver/Src/stm32f7xx_hal_uart.o
                0x000000000800372c                UART_AdvFeatureConfig
 .text.UART_CheckIdleState
                0x0000000008003870       0x5e Drivers/STM32F7xx_HAL_Driver/Src/stm32f7xx_hal_uart.o
                0x0000000008003870                UART_CheckIdleState
 .text.UART_WaitOnFlagUntilTimeout
                0x00000000080038ce       0x90 Drivers/STM32F7xx_HAL_Driver/Src/stm32f7xx_hal_uart.o
                0x00000000080038ce                UART_WaitOnFlagUntilTimeout
 .text.UART_EndTxTransfer
                0x000000000800395e       0x2a Drivers/STM32F7xx_HAL_Driver/Src/stm32f7xx_hal_uart.o
 .text.UART_EndRxTransfer
                0x0000000008003988       0x40 Drivers/STM32F7xx_HAL_Driver/Src/stm32f7xx_hal_uart.o
 .text.UART_DMAReceiveCplt
                0x00000000080039c8       0x64 Drivers/STM32F7xx_HAL_Driver/Src/stm32f7xx_hal_uart.o
 .text.UART_DMARxHalfCplt
                0x0000000008003a2c       0x1c Drivers/STM32F7xx_HAL_Driver/Src/stm32f7xx_hal_uart.o
 .text.UART_DMAError
                0x0000000008003a48       0x78 Drivers/STM32F7xx_HAL_Driver/Src/stm32f7xx_hal_uart.o
 .text.HAL_USART_Init
                0x0000000008003ac0       0x94 Drivers/STM32F7xx_HAL_Driver/Src/stm32f7xx_hal_usart.o
                0x0000000008003ac0                HAL_USART_Init
 .text.HAL_USART_Transmit
                0x0000000008003b54      0x152 Drivers/STM32F7xx_HAL_Driver/Src/stm32f7xx_hal_usart.o
                0x0000000008003b54                HAL_USART_Transmit
 .text.USART_WaitOnFlagUntilTimeout
                0x0000000008003ca6       0x6c Drivers/STM32F7xx_HAL_Driver/Src/stm32f7xx_hal_usart.o
 *fill*         0x0000000008003d12        0x2 
 .text.USART_SetConfig
                0x0000000008003d14      0x300 Drivers/STM32F7xx_HAL_Driver/Src/stm32f7xx_hal_usart.o
 .text.USART_CheckIdleState
                0x0000000008004014       0x5a Drivers/STM32F7xx_HAL_Driver/Src/stm32f7xx_hal_usart.o
 .text.LL_TIM_SetPrescaler
                0x000000000800406e       0x1c Drivers/STM32F7xx_HAL_Driver/Src/stm32f7xx_ll_tim.o
 .text.LL_TIM_SetAutoReload
                0x000000000800408a       0x1c Drivers/STM32F7xx_HAL_Driver/Src/stm32f7xx_ll_tim.o
 .text.LL_TIM_SetRepetitionCounter
                0x00000000080040a6       0x1c Drivers/STM32F7xx_HAL_Driver/Src/stm32f7xx_ll_tim.o
 .text.LL_TIM_GenerateEvent_UPDATE
                0x00000000080040c2       0x20 Drivers/STM32F7xx_HAL_Driver/Src/stm32f7xx_ll_tim.o
 *fill*         0x00000000080040e2        0x2 
 .text.LL_TIM_Init
                0x00000000080040e4      0x134 Drivers/STM32F7xx_HAL_Driver/Src/stm32f7xx_ll_tim.o
                0x00000000080040e4                LL_TIM_Init
 .text.__errno  0x0000000008004218        0xc c:/st/stm32cubeide_1.2.0/stm32cubeide/plugins/com.st.stm32cube.ide.mcu.externaltools.gnu-tools-for-stm32.7-2018-q2-update.win32_1.0.0.201904181610/tools/bin/../lib/gcc/arm-none-eabi/7.3.1/../../../../arm-none-eabi/lib/thumb/v7e-m/fpv5/hard\libc_nano.a(lib_a-errno.o)
                0x0000000008004218                __errno
 .text.__libc_init_array
                0x0000000008004224       0x48 c:/st/stm32cubeide_1.2.0/stm32cubeide/plugins/com.st.stm32cube.ide.mcu.externaltools.gnu-tools-for-stm32.7-2018-q2-update.win32_1.0.0.201904181610/tools/bin/../lib/gcc/arm-none-eabi/7.3.1/../../../../arm-none-eabi/lib/thumb/v7e-m/fpv5/hard\libc_nano.a(lib_a-init.o)
                0x0000000008004224                __libc_init_array
 .text.memset   0x000000000800426c       0x10 c:/st/stm32cubeide_1.2.0/stm32cubeide/plugins/com.st.stm32cube.ide.mcu.externaltools.gnu-tools-for-stm32.7-2018-q2-update.win32_1.0.0.201904181610/tools/bin/../lib/gcc/arm-none-eabi/7.3.1/../../../../arm-none-eabi/lib/thumb/v7e-m/fpv5/hard\libc_nano.a(lib_a-memset.o)
                0x000000000800426c                memset
 .text.sprintf  0x000000000800427c       0x40 c:/st/stm32cubeide_1.2.0/stm32cubeide/plugins/com.st.stm32cube.ide.mcu.externaltools.gnu-tools-for-stm32.7-2018-q2-update.win32_1.0.0.201904181610/tools/bin/../lib/gcc/arm-none-eabi/7.3.1/../../../../arm-none-eabi/lib/thumb/v7e-m/fpv5/hard\libc_nano.a(lib_a-sprintf.o)
                0x000000000800427c                siprintf
                0x000000000800427c                sprintf
 .text.__ssputs_r
                0x00000000080042bc       0xb4 c:/st/stm32cubeide_1.2.0/stm32cubeide/plugins/com.st.stm32cube.ide.mcu.externaltools.gnu-tools-for-stm32.7-2018-q2-update.win32_1.0.0.201904181610/tools/bin/../lib/gcc/arm-none-eabi/7.3.1/../../../../arm-none-eabi/lib/thumb/v7e-m/fpv5/hard\libc_nano.a(lib_a-nano-svfprintf.o)
                0x00000000080042bc                __ssputs_r
 .text._svfprintf_r
                0x0000000008004370      0x1f0 c:/st/stm32cubeide_1.2.0/stm32cubeide/plugins/com.st.stm32cube.ide.mcu.externaltools.gnu-tools-for-stm32.7-2018-q2-update.win32_1.0.0.201904181610/tools/bin/../lib/gcc/arm-none-eabi/7.3.1/../../../../arm-none-eabi/lib/thumb/v7e-m/fpv5/hard\libc_nano.a(lib_a-nano-svfprintf.o)
                0x0000000008004370                _svfiprintf_r
                0x0000000008004370                _svfprintf_r
 .text._printf_common
                0x0000000008004560       0xea c:/st/stm32cubeide_1.2.0/stm32cubeide/plugins/com.st.stm32cube.ide.mcu.externaltools.gnu-tools-for-stm32.7-2018-q2-update.win32_1.0.0.201904181610/tools/bin/../lib/gcc/arm-none-eabi/7.3.1/../../../../arm-none-eabi/lib/thumb/v7e-m/fpv5/hard\libc_nano.a(lib_a-nano-vfprintf_i.o)
                0x0000000008004560                _printf_common
 *fill*         0x000000000800464a        0x2 
 .text._printf_i
                0x000000000800464c      0x224 c:/st/stm32cubeide_1.2.0/stm32cubeide/plugins/com.st.stm32cube.ide.mcu.externaltools.gnu-tools-for-stm32.7-2018-q2-update.win32_1.0.0.201904181610/tools/bin/../lib/gcc/arm-none-eabi/7.3.1/../../../../arm-none-eabi/lib/thumb/v7e-m/fpv5/hard\libc_nano.a(lib_a-nano-vfprintf_i.o)
                0x000000000800464c                _printf_i
 .text.memcpy   0x0000000008004870       0x16 c:/st/stm32cubeide_1.2.0/stm32cubeide/plugins/com.st.stm32cube.ide.mcu.externaltools.gnu-tools-for-stm32.7-2018-q2-update.win32_1.0.0.201904181610/tools/bin/../lib/gcc/arm-none-eabi/7.3.1/../../../../arm-none-eabi/lib/thumb/v7e-m/fpv5/hard\libc_nano.a(lib_a-memcpy-stub.o)
                0x0000000008004870                memcpy
 .text.memmove  0x0000000008004886       0x32 c:/st/stm32cubeide_1.2.0/stm32cubeide/plugins/com.st.stm32cube.ide.mcu.externaltools.gnu-tools-for-stm32.7-2018-q2-update.win32_1.0.0.201904181610/tools/bin/../lib/gcc/arm-none-eabi/7.3.1/../../../../arm-none-eabi/lib/thumb/v7e-m/fpv5/hard\libc_nano.a(lib_a-memmove.o)
                0x0000000008004886                memmove
 .text._free_r  0x00000000080048b8       0x9c c:/st/stm32cubeide_1.2.0/stm32cubeide/plugins/com.st.stm32cube.ide.mcu.externaltools.gnu-tools-for-stm32.7-2018-q2-update.win32_1.0.0.201904181610/tools/bin/../lib/gcc/arm-none-eabi/7.3.1/../../../../arm-none-eabi/lib/thumb/v7e-m/fpv5/hard\libc_nano.a(lib_a-nano-freer.o)
                0x00000000080048b8                _free_r
 .text._malloc_r
                0x0000000008004954       0xb4 c:/st/stm32cubeide_1.2.0/stm32cubeide/plugins/com.st.stm32cube.ide.mcu.externaltools.gnu-tools-for-stm32.7-2018-q2-update.win32_1.0.0.201904181610/tools/bin/../lib/gcc/arm-none-eabi/7.3.1/../../../../arm-none-eabi/lib/thumb/v7e-m/fpv5/hard\libc_nano.a(lib_a-nano-mallocr.o)
                0x0000000008004954                _malloc_r
 .text._realloc_r
                0x0000000008004a08       0x4c c:/st/stm32cubeide_1.2.0/stm32cubeide/plugins/com.st.stm32cube.ide.mcu.externaltools.gnu-tools-for-stm32.7-2018-q2-update.win32_1.0.0.201904181610/tools/bin/../lib/gcc/arm-none-eabi/7.3.1/../../../../arm-none-eabi/lib/thumb/v7e-m/fpv5/hard\libc_nano.a(lib_a-nano-reallocr.o)
                0x0000000008004a08                _realloc_r
 .text._sbrk_r  0x0000000008004a54       0x20 c:/st/stm32cubeide_1.2.0/stm32cubeide/plugins/com.st.stm32cube.ide.mcu.externaltools.gnu-tools-for-stm32.7-2018-q2-update.win32_1.0.0.201904181610/tools/bin/../lib/gcc/arm-none-eabi/7.3.1/../../../../arm-none-eabi/lib/thumb/v7e-m/fpv5/hard\libc_nano.a(lib_a-sbrkr.o)
                0x0000000008004a54                _sbrk_r
 .text.__malloc_lock
                0x0000000008004a74        0x2 c:/st/stm32cubeide_1.2.0/stm32cubeide/plugins/com.st.stm32cube.ide.mcu.externaltools.gnu-tools-for-stm32.7-2018-q2-update.win32_1.0.0.201904181610/tools/bin/../lib/gcc/arm-none-eabi/7.3.1/../../../../arm-none-eabi/lib/thumb/v7e-m/fpv5/hard\libc_nano.a(lib_a-mlock.o)
                0x0000000008004a74                __malloc_lock
 .text.__malloc_unlock
                0x0000000008004a76        0x2 c:/st/stm32cubeide_1.2.0/stm32cubeide/plugins/com.st.stm32cube.ide.mcu.externaltools.gnu-tools-for-stm32.7-2018-q2-update.win32_1.0.0.201904181610/tools/bin/../lib/gcc/arm-none-eabi/7.3.1/../../../../arm-none-eabi/lib/thumb/v7e-m/fpv5/hard\libc_nano.a(lib_a-mlock.o)
                0x0000000008004a76                __malloc_unlock
 .text._malloc_usable_size_r
                0x0000000008004a78       0x10 c:/st/stm32cubeide_1.2.0/stm32cubeide/plugins/com.st.stm32cube.ide.mcu.externaltools.gnu-tools-for-stm32.7-2018-q2-update.win32_1.0.0.201904181610/tools/bin/../lib/gcc/arm-none-eabi/7.3.1/../../../../arm-none-eabi/lib/thumb/v7e-m/fpv5/hard\libc_nano.a(lib_a-nano-msizer.o)
                0x0000000008004a78                _malloc_usable_size_r
 *(.glue_7)
 .glue_7        0x0000000008004a88        0x0 linker stubs
 *(.glue_7t)
 .glue_7t       0x0000000008004a88        0x0 linker stubs
 *(.eh_frame)
 .eh_frame      0x0000000008004a88        0x0 c:/st/stm32cubeide_1.2.0/stm32cubeide/plugins/com.st.stm32cube.ide.mcu.externaltools.gnu-tools-for-stm32.7-2018-q2-update.win32_1.0.0.201904181610/tools/bin/../lib/gcc/arm-none-eabi/7.3.1/thumb/v7e-m/fpv5/hard/crtbegin.o
 *(.init)
 .init          0x0000000008004a88        0x4 c:/st/stm32cubeide_1.2.0/stm32cubeide/plugins/com.st.stm32cube.ide.mcu.externaltools.gnu-tools-for-stm32.7-2018-q2-update.win32_1.0.0.201904181610/tools/bin/../lib/gcc/arm-none-eabi/7.3.1/thumb/v7e-m/fpv5/hard/crti.o
                0x0000000008004a88                _init
 .init          0x0000000008004a8c        0x8 c:/st/stm32cubeide_1.2.0/stm32cubeide/plugins/com.st.stm32cube.ide.mcu.externaltools.gnu-tools-for-stm32.7-2018-q2-update.win32_1.0.0.201904181610/tools/bin/../lib/gcc/arm-none-eabi/7.3.1/thumb/v7e-m/fpv5/hard/crtn.o
 *(.fini)
 .fini          0x0000000008004a94        0x4 c:/st/stm32cubeide_1.2.0/stm32cubeide/plugins/com.st.stm32cube.ide.mcu.externaltools.gnu-tools-for-stm32.7-2018-q2-update.win32_1.0.0.201904181610/tools/bin/../lib/gcc/arm-none-eabi/7.3.1/thumb/v7e-m/fpv5/hard/crti.o
                0x0000000008004a94                _fini
 .fini          0x0000000008004a98        0x8 c:/st/stm32cubeide_1.2.0/stm32cubeide/plugins/com.st.stm32cube.ide.mcu.externaltools.gnu-tools-for-stm32.7-2018-q2-update.win32_1.0.0.201904181610/tools/bin/../lib/gcc/arm-none-eabi/7.3.1/thumb/v7e-m/fpv5/hard/crtn.o
                0x0000000008004aa0                . = ALIGN (0x4)
                0x0000000008004aa0                _etext = .

.vfp11_veneer   0x0000000008004aa0        0x0
 .vfp11_veneer  0x0000000008004aa0        0x0 linker stubs

.v4_bx          0x0000000008004aa0        0x0
 .v4_bx         0x0000000008004aa0        0x0 linker stubs

.iplt           0x0000000008004aa0        0x0
 .iplt          0x0000000008004aa0        0x0 c:/st/stm32cubeide_1.2.0/stm32cubeide/plugins/com.st.stm32cube.ide.mcu.externaltools.gnu-tools-for-stm32.7-2018-q2-update.win32_1.0.0.201904181610/tools/bin/../lib/gcc/arm-none-eabi/7.3.1/thumb/v7e-m/fpv5/hard/crtbegin.o

.rodata         0x0000000008004aa0       0x70
                0x0000000008004aa0                . = ALIGN (0x4)
 *(.rodata)
 .rodata        0x0000000008004aa0       0x19 Core/Src/main.o
 *(.rodata*)
 *fill*         0x0000000008004ab9        0x3 
 .rodata.AHBPrescTable
                0x0000000008004abc       0x10 Core/Src/system_stm32f7xx.o
                0x0000000008004abc                AHBPrescTable
 .rodata.APBPrescTable
                0x0000000008004acc        0x8 Core/Src/system_stm32f7xx.o
                0x0000000008004acc                APBPrescTable
 .rodata.flagBitshiftOffset.8535
                0x0000000008004ad4        0x8 Drivers/STM32F7xx_HAL_Driver/Src/stm32f7xx_hal_dma.o
 .rodata._svfprintf_r.str1.1
                0x0000000008004adc       0x11 c:/st/stm32cubeide_1.2.0/stm32cubeide/plugins/com.st.stm32cube.ide.mcu.externaltools.gnu-tools-for-stm32.7-2018-q2-update.win32_1.0.0.201904181610/tools/bin/../lib/gcc/arm-none-eabi/7.3.1/../../../../arm-none-eabi/lib/thumb/v7e-m/fpv5/hard\libc_nano.a(lib_a-nano-svfprintf.o)
 .rodata._printf_i.str1.1
                0x0000000008004aed       0x22 c:/st/stm32cubeide_1.2.0/stm32cubeide/plugins/com.st.stm32cube.ide.mcu.externaltools.gnu-tools-for-stm32.7-2018-q2-update.win32_1.0.0.201904181610/tools/bin/../lib/gcc/arm-none-eabi/7.3.1/../../../../arm-none-eabi/lib/thumb/v7e-m/fpv5/hard\libc_nano.a(lib_a-nano-vfprintf_i.o)
                0x0000000008004b10                . = ALIGN (0x4)
 *fill*         0x0000000008004b0f        0x1 

.ARM.extab      0x0000000008004b10        0x0
                0x0000000008004b10                . = ALIGN (0x4)
 *(.ARM.extab* .gnu.linkonce.armextab.*)
                0x0000000008004b10                . = ALIGN (0x4)

.ARM            0x0000000008004b10        0x8
                0x0000000008004b10                . = ALIGN (0x4)
                0x0000000008004b10                __exidx_start = .
 *(.ARM.exidx*)
 .ARM.exidx     0x0000000008004b10        0x8 c:/st/stm32cubeide_1.2.0/stm32cubeide/plugins/com.st.stm32cube.ide.mcu.externaltools.gnu-tools-for-stm32.7-2018-q2-update.win32_1.0.0.201904181610/tools/bin/../lib/gcc/arm-none-eabi/7.3.1/thumb/v7e-m/fpv5/hard\libgcc.a(_udivmoddi4.o)
                0x0000000008004b18                __exidx_end = .
                0x0000000008004b18                . = ALIGN (0x4)

.rel.dyn        0x0000000008004b18        0x0
 .rel.iplt      0x0000000008004b18        0x0 c:/st/stm32cubeide_1.2.0/stm32cubeide/plugins/com.st.stm32cube.ide.mcu.externaltools.gnu-tools-for-stm32.7-2018-q2-update.win32_1.0.0.201904181610/tools/bin/../lib/gcc/arm-none-eabi/7.3.1/thumb/v7e-m/fpv5/hard/crtbegin.o

.preinit_array  0x0000000008004b18        0x0
                0x0000000008004b18                . = ALIGN (0x4)
                0x0000000008004b18                PROVIDE (__preinit_array_start = .)
 *(.preinit_array*)
                0x0000000008004b18                PROVIDE (__preinit_array_end = .)
                0x0000000008004b18                . = ALIGN (0x4)

.init_array     0x0000000008004b18        0x4
                0x0000000008004b18                . = ALIGN (0x4)
                0x0000000008004b18                PROVIDE (__init_array_start = .)
 *(SORT_BY_NAME(.init_array.*))
 *(.init_array*)
 .init_array    0x0000000008004b18        0x4 c:/st/stm32cubeide_1.2.0/stm32cubeide/plugins/com.st.stm32cube.ide.mcu.externaltools.gnu-tools-for-stm32.7-2018-q2-update.win32_1.0.0.201904181610/tools/bin/../lib/gcc/arm-none-eabi/7.3.1/thumb/v7e-m/fpv5/hard/crtbegin.o
                0x0000000008004b1c                PROVIDE (__init_array_end = .)
                0x0000000008004b1c                . = ALIGN (0x4)

.fini_array     0x0000000008004b1c        0x4
                0x0000000008004b1c                . = ALIGN (0x4)
                [!provide]                        PROVIDE (__fini_array_start = .)
 *(SORT_BY_NAME(.fini_array.*))
 *(.fini_array*)
 .fini_array    0x0000000008004b1c        0x4 c:/st/stm32cubeide_1.2.0/stm32cubeide/plugins/com.st.stm32cube.ide.mcu.externaltools.gnu-tools-for-stm32.7-2018-q2-update.win32_1.0.0.201904181610/tools/bin/../lib/gcc/arm-none-eabi/7.3.1/thumb/v7e-m/fpv5/hard/crtbegin.o
                [!provide]                        PROVIDE (__fini_array_end = .)
                0x0000000008004b20                . = ALIGN (0x4)
                0x0000000008004b20                _sidata = LOADADDR (.data)

.data           0x0000000020000000       0x70 load address 0x0000000008004b20
                0x0000000020000000                . = ALIGN (0x4)
                0x0000000020000000                _sdata = .
 *(.data)
 *(.data*)
 .data.SystemCoreClock
                0x0000000020000000        0x4 Core/Src/system_stm32f7xx.o
                0x0000000020000000                SystemCoreClock
 .data.uwTickPrio
                0x0000000020000004        0x4 Drivers/STM32F7xx_HAL_Driver/Src/stm32f7xx_hal.o
                0x0000000020000004                uwTickPrio
 .data.uwTickFreq
                0x0000000020000008        0x1 Drivers/STM32F7xx_HAL_Driver/Src/stm32f7xx_hal.o
                0x0000000020000008                uwTickFreq
 *fill*         0x0000000020000009        0x3 
 .data._impure_ptr
                0x000000002000000c        0x4 c:/st/stm32cubeide_1.2.0/stm32cubeide/plugins/com.st.stm32cube.ide.mcu.externaltools.gnu-tools-for-stm32.7-2018-q2-update.win32_1.0.0.201904181610/tools/bin/../lib/gcc/arm-none-eabi/7.3.1/../../../../arm-none-eabi/lib/thumb/v7e-m/fpv5/hard\libc_nano.a(lib_a-impure.o)
                0x000000002000000c                _impure_ptr
 .data.impure_data
                0x0000000020000010       0x60 c:/st/stm32cubeide_1.2.0/stm32cubeide/plugins/com.st.stm32cube.ide.mcu.externaltools.gnu-tools-for-stm32.7-2018-q2-update.win32_1.0.0.201904181610/tools/bin/../lib/gcc/arm-none-eabi/7.3.1/../../../../arm-none-eabi/lib/thumb/v7e-m/fpv5/hard\libc_nano.a(lib_a-impure.o)
                0x0000000020000070                . = ALIGN (0x4)
                0x0000000020000070                _edata = .

.igot.plt       0x0000000020000070        0x0 load address 0x0000000008004b90
 .igot.plt      0x0000000020000070        0x0 c:/st/stm32cubeide_1.2.0/stm32cubeide/plugins/com.st.stm32cube.ide.mcu.externaltools.gnu-tools-for-stm32.7-2018-q2-update.win32_1.0.0.201904181610/tools/bin/../lib/gcc/arm-none-eabi/7.3.1/thumb/v7e-m/fpv5/hard/crtbegin.o
                0x0000000020000070                . = ALIGN (0x4)

.bss            0x0000000020000070      0x1f4 load address 0x0000000008004b90
                0x0000000020000070                _sbss = .
                0x0000000020000070                __bss_start__ = _sbss
 *(.bss)
 .bss           0x0000000020000070       0x1c c:/st/stm32cubeide_1.2.0/stm32cubeide/plugins/com.st.stm32cube.ide.mcu.externaltools.gnu-tools-for-stm32.7-2018-q2-update.win32_1.0.0.201904181610/tools/bin/../lib/gcc/arm-none-eabi/7.3.1/thumb/v7e-m/fpv5/hard/crtbegin.o
 *(.bss*)
 .bss.SBUS_NewPack
                0x000000002000008c        0x1 Core/Src/main.o
                0x000000002000008c                SBUS_NewPack
 *fill*         0x000000002000008d        0x3 
 .bss.heap_end.6424
                0x0000000020000090        0x4 Core/Src/sysmem.o
 .bss.__malloc_free_list
                0x0000000020000094        0x4 c:/st/stm32cubeide_1.2.0/stm32cubeide/plugins/com.st.stm32cube.ide.mcu.externaltools.gnu-tools-for-stm32.7-2018-q2-update.win32_1.0.0.201904181610/tools/bin/../lib/gcc/arm-none-eabi/7.3.1/../../../../arm-none-eabi/lib/thumb/v7e-m/fpv5/hard\libc_nano.a(lib_a-nano-mallocr.o)
                0x0000000020000094                __malloc_free_list
 .bss.__malloc_sbrk_start
                0x0000000020000098        0x4 c:/st/stm32cubeide_1.2.0/stm32cubeide/plugins/com.st.stm32cube.ide.mcu.externaltools.gnu-tools-for-stm32.7-2018-q2-update.win32_1.0.0.201904181610/tools/bin/../lib/gcc/arm-none-eabi/7.3.1/../../../../arm-none-eabi/lib/thumb/v7e-m/fpv5/hard\libc_nano.a(lib_a-nano-mallocr.o)
                0x0000000020000098                __malloc_sbrk_start
 *(COMMON)
 COMMON         0x000000002000009c      0x1c0 Core/Src/main.o
                0x000000002000009c                huart7
                0x000000002000011c                buff
                0x000000002000015c                hdma_uart7_rx
                0x00000000200001bc                husart3
                0x000000002000020c                time1
                0x0000000020000220                payloads
                0x000000002000023c                channels
 COMMON         0x000000002000025c        0x4 Drivers/STM32F7xx_HAL_Driver/Src/stm32f7xx_hal.o
                0x000000002000025c                uwTick
 COMMON         0x0000000020000260        0x4 c:/st/stm32cubeide_1.2.0/stm32cubeide/plugins/com.st.stm32cube.ide.mcu.externaltools.gnu-tools-for-stm32.7-2018-q2-update.win32_1.0.0.201904181610/tools/bin/../lib/gcc/arm-none-eabi/7.3.1/../../../../arm-none-eabi/lib/thumb/v7e-m/fpv5/hard\libc_nano.a(lib_a-reent.o)
                0x0000000020000260                errno
                0x0000000020000264                . = ALIGN (0x4)
                0x0000000020000264                _ebss = .
                0x0000000020000264                __bss_end__ = _ebss

._user_heap_stack
                0x0000000020000264      0x604 load address 0x0000000008004b90
                0x0000000020000268                . = ALIGN (0x8)
 *fill*         0x0000000020000264        0x4 
                0x0000000020000268                PROVIDE (end = .)
                [!provide]                        PROVIDE (_end = .)
                0x0000000020000468                . = (. + _Min_Heap_Size)
 *fill*         0x0000000020000268      0x200 
                0x0000000020000868                . = (. + _Min_Stack_Size)
 *fill*         0x0000000020000468      0x400 
                0x0000000020000868                . = ALIGN (0x8)

/DISCARD/
 libc.a(*)
 libm.a(*)
 libgcc.a(*)

.ARM.attributes
                0x0000000000000000       0x2e
 *(.ARM.attributes)
 .ARM.attributes
                0x0000000000000000       0x20 c:/st/stm32cubeide_1.2.0/stm32cubeide/plugins/com.st.stm32cube.ide.mcu.externaltools.gnu-tools-for-stm32.7-2018-q2-update.win32_1.0.0.201904181610/tools/bin/../lib/gcc/arm-none-eabi/7.3.1/thumb/v7e-m/fpv5/hard/crti.o
 .ARM.attributes
                0x0000000000000020       0x32 c:/st/stm32cubeide_1.2.0/stm32cubeide/plugins/com.st.stm32cube.ide.mcu.externaltools.gnu-tools-for-stm32.7-2018-q2-update.win32_1.0.0.201904181610/tools/bin/../lib/gcc/arm-none-eabi/7.3.1/thumb/v7e-m/fpv5/hard/crtbegin.o
 .ARM.attributes
                0x0000000000000052       0x37 Core/Src/main.o
 .ARM.attributes
                0x0000000000000089       0x37 Core/Src/stm32f7xx_hal_msp.o
 .ARM.attributes
                0x00000000000000c0       0x37 Core/Src/stm32f7xx_it.o
 .ARM.attributes
                0x00000000000000f7       0x37 Core/Src/sysmem.o
 .ARM.attributes
                0x000000000000012e       0x37 Core/Src/system_stm32f7xx.o
 .ARM.attributes
                0x0000000000000165       0x21 Core/Startup/startup_stm32f767zitx.o
 .ARM.attributes
                0x0000000000000186       0x37 Drivers/STM32F7xx_HAL_Driver/Src/stm32f7xx_hal.o
 .ARM.attributes
                0x00000000000001bd       0x37 Drivers/STM32F7xx_HAL_Driver/Src/stm32f7xx_hal_cortex.o
 .ARM.attributes
                0x00000000000001f4       0x37 Drivers/STM32F7xx_HAL_Driver/Src/stm32f7xx_hal_dma.o
 .ARM.attributes
                0x000000000000022b       0x37 Drivers/STM32F7xx_HAL_Driver/Src/stm32f7xx_hal_gpio.o
 .ARM.attributes
                0x0000000000000262       0x37 Drivers/STM32F7xx_HAL_Driver/Src/stm32f7xx_hal_pwr.o
 .ARM.attributes
                0x0000000000000299       0x37 Drivers/STM32F7xx_HAL_Driver/Src/stm32f7xx_hal_pwr_ex.o
 .ARM.attributes
                0x00000000000002d0       0x37 Drivers/STM32F7xx_HAL_Driver/Src/stm32f7xx_hal_rcc.o
 .ARM.attributes
                0x0000000000000307       0x37 Drivers/STM32F7xx_HAL_Driver/Src/stm32f7xx_hal_rcc_ex.o
 .ARM.attributes
                0x000000000000033e       0x37 Drivers/STM32F7xx_HAL_Driver/Src/stm32f7xx_hal_uart.o
 .ARM.attributes
                0x0000000000000375       0x37 Drivers/STM32F7xx_HAL_Driver/Src/stm32f7xx_hal_usart.o
 .ARM.attributes
                0x00000000000003ac       0x37 Drivers/STM32F7xx_HAL_Driver/Src/stm32f7xx_ll_tim.o
 .ARM.attributes
                0x00000000000003e3       0x32 c:/st/stm32cubeide_1.2.0/stm32cubeide/plugins/com.st.stm32cube.ide.mcu.externaltools.gnu-tools-for-stm32.7-2018-q2-update.win32_1.0.0.201904181610/tools/bin/../lib/gcc/arm-none-eabi/7.3.1/../../../../arm-none-eabi/lib/thumb/v7e-m/fpv5/hard\libc_nano.a(lib_a-errno.o)
 .ARM.attributes
                0x0000000000000415       0x32 c:/st/stm32cubeide_1.2.0/stm32cubeide/plugins/com.st.stm32cube.ide.mcu.externaltools.gnu-tools-for-stm32.7-2018-q2-update.win32_1.0.0.201904181610/tools/bin/../lib/gcc/arm-none-eabi/7.3.1/../../../../arm-none-eabi/lib/thumb/v7e-m/fpv5/hard\libc_nano.a(lib_a-impure.o)
 .ARM.attributes
                0x0000000000000447       0x32 c:/st/stm32cubeide_1.2.0/stm32cubeide/plugins/com.st.stm32cube.ide.mcu.externaltools.gnu-tools-for-stm32.7-2018-q2-update.win32_1.0.0.201904181610/tools/bin/../lib/gcc/arm-none-eabi/7.3.1/../../../../arm-none-eabi/lib/thumb/v7e-m/fpv5/hard\libc_nano.a(lib_a-init.o)
 .ARM.attributes
                0x0000000000000479       0x32 c:/st/stm32cubeide_1.2.0/stm32cubeide/plugins/com.st.stm32cube.ide.mcu.externaltools.gnu-tools-for-stm32.7-2018-q2-update.win32_1.0.0.201904181610/tools/bin/../lib/gcc/arm-none-eabi/7.3.1/../../../../arm-none-eabi/lib/thumb/v7e-m/fpv5/hard\libc_nano.a(lib_a-memset.o)
 .ARM.attributes
                0x00000000000004ab       0x32 c:/st/stm32cubeide_1.2.0/stm32cubeide/plugins/com.st.stm32cube.ide.mcu.externaltools.gnu-tools-for-stm32.7-2018-q2-update.win32_1.0.0.201904181610/tools/bin/../lib/gcc/arm-none-eabi/7.3.1/../../../../arm-none-eabi/lib/thumb/v7e-m/fpv5/hard\libc_nano.a(lib_a-sprintf.o)
 .ARM.attributes
                0x00000000000004dd       0x19 c:/st/stm32cubeide_1.2.0/stm32cubeide/plugins/com.st.stm32cube.ide.mcu.externaltools.gnu-tools-for-stm32.7-2018-q2-update.win32_1.0.0.201904181610/tools/bin/../lib/gcc/arm-none-eabi/7.3.1/../../../../arm-none-eabi/lib/thumb/v7e-m/fpv5/hard\libc_nano.a(lib_a-strlen.o)
 .ARM.attributes
                0x00000000000004f6       0x32 c:/st/stm32cubeide_1.2.0/stm32cubeide/plugins/com.st.stm32cube.ide.mcu.externaltools.gnu-tools-for-stm32.7-2018-q2-update.win32_1.0.0.201904181610/tools/bin/../lib/gcc/arm-none-eabi/7.3.1/../../../../arm-none-eabi/lib/thumb/v7e-m/fpv5/hard\libc_nano.a(lib_a-nano-svfprintf.o)
 .ARM.attributes
                0x0000000000000528       0x32 c:/st/stm32cubeide_1.2.0/stm32cubeide/plugins/com.st.stm32cube.ide.mcu.externaltools.gnu-tools-for-stm32.7-2018-q2-update.win32_1.0.0.201904181610/tools/bin/../lib/gcc/arm-none-eabi/7.3.1/../../../../arm-none-eabi/lib/thumb/v7e-m/fpv5/hard\libc_nano.a(lib_a-nano-vfprintf_i.o)
 .ARM.attributes
                0x000000000000055a       0x1e c:/st/stm32cubeide_1.2.0/stm32cubeide/plugins/com.st.stm32cube.ide.mcu.externaltools.gnu-tools-for-stm32.7-2018-q2-update.win32_1.0.0.201904181610/tools/bin/../lib/gcc/arm-none-eabi/7.3.1/../../../../arm-none-eabi/lib/thumb/v7e-m/fpv5/hard\libc_nano.a(lib_a-memchr.o)
 .ARM.attributes
                0x0000000000000578       0x32 c:/st/stm32cubeide_1.2.0/stm32cubeide/plugins/com.st.stm32cube.ide.mcu.externaltools.gnu-tools-for-stm32.7-2018-q2-update.win32_1.0.0.201904181610/tools/bin/../lib/gcc/arm-none-eabi/7.3.1/../../../../arm-none-eabi/lib/thumb/v7e-m/fpv5/hard\libc_nano.a(lib_a-memcpy-stub.o)
 .ARM.attributes
                0x00000000000005aa       0x32 c:/st/stm32cubeide_1.2.0/stm32cubeide/plugins/com.st.stm32cube.ide.mcu.externaltools.gnu-tools-for-stm32.7-2018-q2-update.win32_1.0.0.201904181610/tools/bin/../lib/gcc/arm-none-eabi/7.3.1/../../../../arm-none-eabi/lib/thumb/v7e-m/fpv5/hard\libc_nano.a(lib_a-memmove.o)
 .ARM.attributes
                0x00000000000005dc       0x32 c:/st/stm32cubeide_1.2.0/stm32cubeide/plugins/com.st.stm32cube.ide.mcu.externaltools.gnu-tools-for-stm32.7-2018-q2-update.win32_1.0.0.201904181610/tools/bin/../lib/gcc/arm-none-eabi/7.3.1/../../../../arm-none-eabi/lib/thumb/v7e-m/fpv5/hard\libc_nano.a(lib_a-nano-freer.o)
 .ARM.attributes
                0x000000000000060e       0x32 c:/st/stm32cubeide_1.2.0/stm32cubeide/plugins/com.st.stm32cube.ide.mcu.externaltools.gnu-tools-for-stm32.7-2018-q2-update.win32_1.0.0.201904181610/tools/bin/../lib/gcc/arm-none-eabi/7.3.1/../../../../arm-none-eabi/lib/thumb/v7e-m/fpv5/hard\libc_nano.a(lib_a-nano-mallocr.o)
 .ARM.attributes
                0x0000000000000640       0x32 c:/st/stm32cubeide_1.2.0/stm32cubeide/plugins/com.st.stm32cube.ide.mcu.externaltools.gnu-tools-for-stm32.7-2018-q2-update.win32_1.0.0.201904181610/tools/bin/../lib/gcc/arm-none-eabi/7.3.1/../../../../arm-none-eabi/lib/thumb/v7e-m/fpv5/hard\libc_nano.a(lib_a-nano-reallocr.o)
 .ARM.attributes
                0x0000000000000672       0x32 c:/st/stm32cubeide_1.2.0/stm32cubeide/plugins/com.st.stm32cube.ide.mcu.externaltools.gnu-tools-for-stm32.7-2018-q2-update.win32_1.0.0.201904181610/tools/bin/../lib/gcc/arm-none-eabi/7.3.1/../../../../arm-none-eabi/lib/thumb/v7e-m/fpv5/hard\libc_nano.a(lib_a-sbrkr.o)
 .ARM.attributes
                0x00000000000006a4       0x32 c:/st/stm32cubeide_1.2.0/stm32cubeide/plugins/com.st.stm32cube.ide.mcu.externaltools.gnu-tools-for-stm32.7-2018-q2-update.win32_1.0.0.201904181610/tools/bin/../lib/gcc/arm-none-eabi/7.3.1/../../../../arm-none-eabi/lib/thumb/v7e-m/fpv5/hard\libc_nano.a(lib_a-mlock.o)
 .ARM.attributes
                0x00000000000006d6       0x32 c:/st/stm32cubeide_1.2.0/stm32cubeide/plugins/com.st.stm32cube.ide.mcu.externaltools.gnu-tools-for-stm32.7-2018-q2-update.win32_1.0.0.201904181610/tools/bin/../lib/gcc/arm-none-eabi/7.3.1/../../../../arm-none-eabi/lib/thumb/v7e-m/fpv5/hard\libc_nano.a(lib_a-nano-msizer.o)
 .ARM.attributes
                0x0000000000000708       0x32 c:/st/stm32cubeide_1.2.0/stm32cubeide/plugins/com.st.stm32cube.ide.mcu.externaltools.gnu-tools-for-stm32.7-2018-q2-update.win32_1.0.0.201904181610/tools/bin/../lib/gcc/arm-none-eabi/7.3.1/../../../../arm-none-eabi/lib/thumb/v7e-m/fpv5/hard\libc_nano.a(lib_a-reent.o)
 .ARM.attributes
                0x000000000000073a       0x20 c:/st/stm32cubeide_1.2.0/stm32cubeide/plugins/com.st.stm32cube.ide.mcu.externaltools.gnu-tools-for-stm32.7-2018-q2-update.win32_1.0.0.201904181610/tools/bin/../lib/gcc/arm-none-eabi/7.3.1/thumb/v7e-m/fpv5/hard\libgcc.a(_aeabi_uldivmod.o)
 .ARM.attributes
                0x000000000000075a       0x32 c:/st/stm32cubeide_1.2.0/stm32cubeide/plugins/com.st.stm32cube.ide.mcu.externaltools.gnu-tools-for-stm32.7-2018-q2-update.win32_1.0.0.201904181610/tools/bin/../lib/gcc/arm-none-eabi/7.3.1/thumb/v7e-m/fpv5/hard\libgcc.a(_udivmoddi4.o)
 .ARM.attributes
                0x000000000000078c       0x20 c:/st/stm32cubeide_1.2.0/stm32cubeide/plugins/com.st.stm32cube.ide.mcu.externaltools.gnu-tools-for-stm32.7-2018-q2-update.win32_1.0.0.201904181610/tools/bin/../lib/gcc/arm-none-eabi/7.3.1/thumb/v7e-m/fpv5/hard\libgcc.a(_dvmd_tls.o)
 .ARM.attributes
                0x00000000000007ac       0x20 c:/st/stm32cubeide_1.2.0/stm32cubeide/plugins/com.st.stm32cube.ide.mcu.externaltools.gnu-tools-for-stm32.7-2018-q2-update.win32_1.0.0.201904181610/tools/bin/../lib/gcc/arm-none-eabi/7.3.1/thumb/v7e-m/fpv5/hard/crtn.o
OUTPUT(SBUS_RX_test.elf elf32-littlearm)

.debug_info     0x0000000000000000     0xd03a
 .debug_info    0x0000000000000000     0x20ec Core/Src/main.o
 .debug_info    0x00000000000020ec      0xd6e Core/Src/stm32f7xx_hal_msp.o
 .debug_info    0x0000000000002e5a      0x514 Core/Src/stm32f7xx_it.o
 .debug_info    0x000000000000336e      0x91c Core/Src/sysmem.o
 .debug_info    0x0000000000003c8a      0x73d Core/Src/system_stm32f7xx.o
 .debug_info    0x00000000000043c7       0x22 Core/Startup/startup_stm32f767zitx.o
 .debug_info    0x00000000000043e9      0xa37 Drivers/STM32F7xx_HAL_Driver/Src/stm32f7xx_hal.o
 .debug_info    0x0000000000004e20     0x108c Drivers/STM32F7xx_HAL_Driver/Src/stm32f7xx_hal_cortex.o
 .debug_info    0x0000000000005eac      0x968 Drivers/STM32F7xx_HAL_Driver/Src/stm32f7xx_hal_dma.o
 .debug_info    0x0000000000006814      0x7e9 Drivers/STM32F7xx_HAL_Driver/Src/stm32f7xx_hal_gpio.o
 .debug_info    0x0000000000006ffd      0x9b4 Drivers/STM32F7xx_HAL_Driver/Src/stm32f7xx_hal_pwr.o
 .debug_info    0x00000000000079b1      0x96b Drivers/STM32F7xx_HAL_Driver/Src/stm32f7xx_hal_pwr_ex.o
 .debug_info    0x000000000000831c      0x987 Drivers/STM32F7xx_HAL_Driver/Src/stm32f7xx_hal_rcc.o
 .debug_info    0x0000000000008ca3      0x7d1 Drivers/STM32F7xx_HAL_Driver/Src/stm32f7xx_hal_rcc_ex.o
 .debug_info    0x0000000000009474     0x1639 Drivers/STM32F7xx_HAL_Driver/Src/stm32f7xx_hal_uart.o
 .debug_info    0x000000000000aaad     0x146b Drivers/STM32F7xx_HAL_Driver/Src/stm32f7xx_hal_usart.o
 .debug_info    0x000000000000bf18     0x1122 Drivers/STM32F7xx_HAL_Driver/Src/stm32f7xx_ll_tim.o

.debug_abbrev   0x0000000000000000     0x1f14
 .debug_abbrev  0x0000000000000000      0x2c3 Core/Src/main.o
 .debug_abbrev  0x00000000000002c3      0x18c Core/Src/stm32f7xx_hal_msp.o
 .debug_abbrev  0x000000000000044f      0x158 Core/Src/stm32f7xx_it.o
 .debug_abbrev  0x00000000000005a7      0x1bb Core/Src/sysmem.o
 .debug_abbrev  0x0000000000000762      0x147 Core/Src/system_stm32f7xx.o
 .debug_abbrev  0x00000000000008a9       0x12 Core/Startup/startup_stm32f767zitx.o
 .debug_abbrev  0x00000000000008bb      0x1c7 Drivers/STM32F7xx_HAL_Driver/Src/stm32f7xx_hal.o
 .debug_abbrev  0x0000000000000a82      0x2fa Drivers/STM32F7xx_HAL_Driver/Src/stm32f7xx_hal_cortex.o
 .debug_abbrev  0x0000000000000d7c      0x229 Drivers/STM32F7xx_HAL_Driver/Src/stm32f7xx_hal_dma.o
 .debug_abbrev  0x0000000000000fa5      0x1c9 Drivers/STM32F7xx_HAL_Driver/Src/stm32f7xx_hal_gpio.o
 .debug_abbrev  0x000000000000116e      0x1b6 Drivers/STM32F7xx_HAL_Driver/Src/stm32f7xx_hal_pwr.o
 .debug_abbrev  0x0000000000001324      0x1b8 Drivers/STM32F7xx_HAL_Driver/Src/stm32f7xx_hal_pwr_ex.o
 .debug_abbrev  0x00000000000014dc      0x268 Drivers/STM32F7xx_HAL_Driver/Src/stm32f7xx_hal_rcc.o
 .debug_abbrev  0x0000000000001744      0x1ad Drivers/STM32F7xx_HAL_Driver/Src/stm32f7xx_hal_rcc_ex.o
 .debug_abbrev  0x00000000000018f1      0x205 Drivers/STM32F7xx_HAL_Driver/Src/stm32f7xx_hal_uart.o
 .debug_abbrev  0x0000000000001af6      0x21f Drivers/STM32F7xx_HAL_Driver/Src/stm32f7xx_hal_usart.o
 .debug_abbrev  0x0000000000001d15      0x1ff Drivers/STM32F7xx_HAL_Driver/Src/stm32f7xx_ll_tim.o

.debug_aranges  0x0000000000000000      0xb98
 .debug_aranges
                0x0000000000000000       0xb8 Core/Src/main.o
 .debug_aranges
                0x00000000000000b8       0x40 Core/Src/stm32f7xx_hal_msp.o
 .debug_aranges
                0x00000000000000f8       0x68 Core/Src/stm32f7xx_it.o
 .debug_aranges
                0x0000000000000160       0x20 Core/Src/sysmem.o
 .debug_aranges
                0x0000000000000180       0x28 Core/Src/system_stm32f7xx.o
 .debug_aranges
                0x00000000000001a8       0x28 Core/Startup/startup_stm32f767zitx.o
 .debug_aranges
                0x00000000000001d0      0x110 Drivers/STM32F7xx_HAL_Driver/Src/stm32f7xx_hal.o
 .debug_aranges
                0x00000000000002e0      0x118 Drivers/STM32F7xx_HAL_Driver/Src/stm32f7xx_hal_cortex.o
 .debug_aranges
                0x00000000000003f8       0x90 Drivers/STM32F7xx_HAL_Driver/Src/stm32f7xx_hal_dma.o
 .debug_aranges
                0x0000000000000488       0x58 Drivers/STM32F7xx_HAL_Driver/Src/stm32f7xx_hal_gpio.o
 .debug_aranges
                0x00000000000004e0       0xa0 Drivers/STM32F7xx_HAL_Driver/Src/stm32f7xx_hal_pwr.o
 .debug_aranges
                0x0000000000000580       0x80 Drivers/STM32F7xx_HAL_Driver/Src/stm32f7xx_hal_pwr_ex.o
 .debug_aranges
                0x0000000000000600       0x88 Drivers/STM32F7xx_HAL_Driver/Src/stm32f7xx_hal_rcc.o
 .debug_aranges
                0x0000000000000688       0x50 Drivers/STM32F7xx_HAL_Driver/Src/stm32f7xx_hal_rcc_ex.o
 .debug_aranges
                0x00000000000006d8      0x1f8 Drivers/STM32F7xx_HAL_Driver/Src/stm32f7xx_hal_uart.o
 .debug_aranges
                0x00000000000008d0      0x180 Drivers/STM32F7xx_HAL_Driver/Src/stm32f7xx_hal_usart.o
 .debug_aranges
                0x0000000000000a50      0x148 Drivers/STM32F7xx_HAL_Driver/Src/stm32f7xx_ll_tim.o

.debug_ranges   0x0000000000000000      0xa90
 .debug_ranges  0x0000000000000000       0xa8 Core/Src/main.o
 .debug_ranges  0x00000000000000a8       0x30 Core/Src/stm32f7xx_hal_msp.o
 .debug_ranges  0x00000000000000d8       0x58 Core/Src/stm32f7xx_it.o
 .debug_ranges  0x0000000000000130       0x10 Core/Src/sysmem.o
 .debug_ranges  0x0000000000000140       0x18 Core/Src/system_stm32f7xx.o
 .debug_ranges  0x0000000000000158       0x20 Core/Startup/startup_stm32f767zitx.o
 .debug_ranges  0x0000000000000178      0x100 Drivers/STM32F7xx_HAL_Driver/Src/stm32f7xx_hal.o
 .debug_ranges  0x0000000000000278      0x108 Drivers/STM32F7xx_HAL_Driver/Src/stm32f7xx_hal_cortex.o
 .debug_ranges  0x0000000000000380       0x80 Drivers/STM32F7xx_HAL_Driver/Src/stm32f7xx_hal_dma.o
 .debug_ranges  0x0000000000000400       0x48 Drivers/STM32F7xx_HAL_Driver/Src/stm32f7xx_hal_gpio.o
 .debug_ranges  0x0000000000000448       0x90 Drivers/STM32F7xx_HAL_Driver/Src/stm32f7xx_hal_pwr.o
 .debug_ranges  0x00000000000004d8       0x70 Drivers/STM32F7xx_HAL_Driver/Src/stm32f7xx_hal_pwr_ex.o
 .debug_ranges  0x0000000000000548       0x78 Drivers/STM32F7xx_HAL_Driver/Src/stm32f7xx_hal_rcc.o
 .debug_ranges  0x00000000000005c0       0x40 Drivers/STM32F7xx_HAL_Driver/Src/stm32f7xx_hal_rcc_ex.o
 .debug_ranges  0x0000000000000600      0x1e8 Drivers/STM32F7xx_HAL_Driver/Src/stm32f7xx_hal_uart.o
 .debug_ranges  0x00000000000007e8      0x170 Drivers/STM32F7xx_HAL_Driver/Src/stm32f7xx_hal_usart.o
 .debug_ranges  0x0000000000000958      0x138 Drivers/STM32F7xx_HAL_Driver/Src/stm32f7xx_ll_tim.o

.debug_macro    0x0000000000000000    0x2968e
 .debug_macro   0x0000000000000000      0x3cd Core/Src/main.o
 .debug_macro   0x00000000000003cd      0xa6c Core/Src/main.o
 .debug_macro   0x0000000000000e39      0x189 Core/Src/main.o
 .debug_macro   0x0000000000000fc2       0x2e Core/Src/main.o
 .debug_macro   0x0000000000000ff0       0x3b Core/Src/main.o
 .debug_macro   0x000000000000102b       0x22 Core/Src/main.o
 .debug_macro   0x000000000000104d       0x8e Core/Src/main.o
 .debug_macro   0x00000000000010db       0x51 Core/Src/main.o
 .debug_macro   0x000000000000112c       0xef Core/Src/main.o
 .debug_macro   0x000000000000121b       0x6a Core/Src/main.o
 .debug_macro   0x0000000000001285      0x1df Core/Src/main.o
 .debug_macro   0x0000000000001464       0x1c Core/Src/main.o
 .debug_macro   0x0000000000001480       0x22 Core/Src/main.o
 .debug_macro   0x00000000000014a2       0xdf Core/Src/main.o
 .debug_macro   0x0000000000001581     0x12cd Core/Src/main.o
 .debug_macro   0x000000000000284e      0x11f Core/Src/main.o
 .debug_macro   0x000000000000296d       0x19 Core/Src/main.o
 .debug_macro   0x0000000000002986    0x1a029 Core/Src/main.o
 .debug_macro   0x000000000001c9af       0x43 Core/Src/main.o
 .debug_macro   0x000000000001c9f2     0x363d Core/Src/main.o
 .debug_macro   0x000000000002002f      0x174 Core/Src/main.o
 .debug_macro   0x00000000000201a3       0x61 Core/Src/main.o
 .debug_macro   0x0000000000020204     0x1add Core/Src/main.o
 .debug_macro   0x0000000000021ce1      0x6c4 Core/Src/main.o
 .debug_macro   0x00000000000223a5      0x109 Core/Src/main.o
 .debug_macro   0x00000000000224ae      0x117 Core/Src/main.o
 .debug_macro   0x00000000000225c5      0x26f Core/Src/main.o
 .debug_macro   0x0000000000022834       0x27 Core/Src/main.o
 .debug_macro   0x000000000002285b      0x24f Core/Src/main.o
 .debug_macro   0x0000000000022aaa       0x71 Core/Src/main.o
 .debug_macro   0x0000000000022b1b       0x58 Core/Src/main.o
 .debug_macro   0x0000000000022b73      0x236 Core/Src/main.o
 .debug_macro   0x0000000000022da9      0x14f Core/Src/main.o
 .debug_macro   0x0000000000022ef8      0x3dc Core/Src/main.o
 .debug_macro   0x00000000000232d4       0x12 Core/Src/main.o
 .debug_macro   0x00000000000232e6      0x22c Core/Src/main.o
 .debug_macro   0x0000000000023512       0x61 Core/Src/main.o
 .debug_macro   0x0000000000023573       0xa5 Core/Src/main.o
 .debug_macro   0x0000000000023618      0x12f Core/Src/main.o
 .debug_macro   0x0000000000023747      0x108 Core/Src/main.o
 .debug_macro   0x000000000002384f       0x35 Core/Src/main.o
 .debug_macro   0x0000000000023884      0x519 Core/Src/main.o
 .debug_macro   0x0000000000023d9d       0x44 Core/Src/main.o
 .debug_macro   0x0000000000023de1      0x272 Core/Src/main.o
 .debug_macro   0x0000000000024053       0x28 Core/Src/main.o
 .debug_macro   0x000000000002407b      0x15c Core/Src/main.o
 .debug_macro   0x00000000000241d7      0x85e Core/Src/main.o
 .debug_macro   0x0000000000024a35      0x26f Core/Src/main.o
 .debug_macro   0x0000000000024ca4      0x1a7 Core/Src/main.o
 .debug_macro   0x0000000000024e4b      0xbfc Core/Src/main.o
 .debug_macro   0x0000000000025a47      0x279 Core/Src/main.o
 .debug_macro   0x0000000000025cc0       0x61 Core/Src/main.o
 .debug_macro   0x0000000000025d21      0x130 Core/Src/main.o
 .debug_macro   0x0000000000025e51      0x149 Core/Src/main.o
 .debug_macro   0x0000000000025f9a      0x224 Core/Src/main.o
 .debug_macro   0x00000000000261be       0xf4 Core/Src/main.o
 .debug_macro   0x00000000000262b2       0x46 Core/Src/main.o
 .debug_macro   0x00000000000262f8       0x17 Core/Src/main.o
 .debug_macro   0x000000000002630f       0x3c Core/Src/main.o
 .debug_macro   0x000000000002634b       0x34 Core/Src/main.o
 .debug_macro   0x000000000002637f       0x52 Core/Src/main.o
 .debug_macro   0x00000000000263d1       0x1f Core/Src/main.o
 .debug_macro   0x00000000000263f0       0x43 Core/Src/main.o
 .debug_macro   0x0000000000026433       0x20 Core/Src/main.o
 .debug_macro   0x0000000000026453      0x1a3 Core/Src/main.o
 .debug_macro   0x00000000000265f6      0x32a Core/Src/main.o
 .debug_macro   0x0000000000026920       0x10 Core/Src/main.o
 .debug_macro   0x0000000000026930       0x35 Core/Src/main.o
 .debug_macro   0x0000000000026965       0x20 Core/Src/main.o
 .debug_macro   0x0000000000026985       0x1c Core/Src/main.o
 .debug_macro   0x00000000000269a1       0x10 Core/Src/main.o
 .debug_macro   0x00000000000269b1       0x10 Core/Src/main.o
 .debug_macro   0x00000000000269c1       0x1c Core/Src/main.o
 .debug_macro   0x00000000000269dd       0x52 Core/Src/main.o
 .debug_macro   0x0000000000026a2f       0x40 Core/Src/main.o
 .debug_macro   0x0000000000026a6f       0x10 Core/Src/main.o
 .debug_macro   0x0000000000026a7f       0x40 Core/Src/main.o
 .debug_macro   0x0000000000026abf       0xd7 Core/Src/main.o
 .debug_macro   0x0000000000026b96       0x1c Core/Src/main.o
 .debug_macro   0x0000000000026bb2       0x3d Core/Src/main.o
 .debug_macro   0x0000000000026bef       0x16 Core/Src/main.o
 .debug_macro   0x0000000000026c05      0x145 Core/Src/main.o
 .debug_macro   0x0000000000026d4a      0x247 Core/Src/stm32f7xx_hal_msp.o
 .debug_macro   0x0000000000026f91      0x251 Core/Src/stm32f7xx_it.o
 .debug_macro   0x00000000000271e2      0x1ae Core/Src/sysmem.o
 .debug_macro   0x0000000000027390      0x23b Core/Src/sysmem.o
 .debug_macro   0x00000000000275cb       0x16 Core/Src/sysmem.o
 .debug_macro   0x00000000000275e1      0x1e9 Core/Src/system_stm32f7xx.o
 .debug_macro   0x00000000000277ca      0x207 Drivers/STM32F7xx_HAL_Driver/Src/stm32f7xx_hal.o
 .debug_macro   0x00000000000279d1      0x1e3 Drivers/STM32F7xx_HAL_Driver/Src/stm32f7xx_hal_cortex.o
 .debug_macro   0x0000000000027bb4      0x1e9 Drivers/STM32F7xx_HAL_Driver/Src/stm32f7xx_hal_dma.o
 .debug_macro   0x0000000000027d9d      0x219 Drivers/STM32F7xx_HAL_Driver/Src/stm32f7xx_hal_gpio.o
 .debug_macro   0x0000000000027fb6      0x201 Drivers/STM32F7xx_HAL_Driver/Src/stm32f7xx_hal_pwr.o
 .debug_macro   0x00000000000281b7      0x1fb Drivers/STM32F7xx_HAL_Driver/Src/stm32f7xx_hal_pwr_ex.o
 .debug_macro   0x00000000000283b2      0x207 Drivers/STM32F7xx_HAL_Driver/Src/stm32f7xx_hal_rcc.o
 .debug_macro   0x00000000000285b9      0x1e3 Drivers/STM32F7xx_HAL_Driver/Src/stm32f7xx_hal_rcc_ex.o
 .debug_macro   0x000000000002879c      0x200 Drivers/STM32F7xx_HAL_Driver/Src/stm32f7xx_hal_uart.o
 .debug_macro   0x000000000002899c      0x20e Drivers/STM32F7xx_HAL_Driver/Src/stm32f7xx_hal_usart.o
 .debug_macro   0x0000000000028baa      0x28c Drivers/STM32F7xx_HAL_Driver/Src/stm32f7xx_ll_tim.o
 .debug_macro   0x0000000000028e36      0x858 Drivers/STM32F7xx_HAL_Driver/Src/stm32f7xx_ll_tim.o

.debug_line     0x0000000000000000     0xa1a1
 .debug_line    0x0000000000000000      0xbce Core/Src/main.o
 .debug_line    0x0000000000000bce      0x84a Core/Src/stm32f7xx_hal_msp.o
 .debug_line    0x0000000000001418      0x88c Core/Src/stm32f7xx_it.o
 .debug_line    0x0000000000001ca4      0x55e Core/Src/sysmem.o
 .debug_line    0x0000000000002202      0x70f Core/Src/system_stm32f7xx.o
 .debug_line    0x0000000000002911       0x86 Core/Startup/startup_stm32f767zitx.o
 .debug_line    0x0000000000002997      0x939 Drivers/STM32F7xx_HAL_Driver/Src/stm32f7xx_hal.o
 .debug_line    0x00000000000032d0      0xa19 Drivers/STM32F7xx_HAL_Driver/Src/stm32f7xx_hal_cortex.o
 .debug_line    0x0000000000003ce9      0x9c4 Drivers/STM32F7xx_HAL_Driver/Src/stm32f7xx_hal_dma.o
 .debug_line    0x00000000000046ad      0x8fd Drivers/STM32F7xx_HAL_Driver/Src/stm32f7xx_hal_gpio.o
 .debug_line    0x0000000000004faa      0x85d Drivers/STM32F7xx_HAL_Driver/Src/stm32f7xx_hal_pwr.o
 .debug_line    0x0000000000005807      0x839 Drivers/STM32F7xx_HAL_Driver/Src/stm32f7xx_hal_pwr_ex.o
 .debug_line    0x0000000000006040      0x98b Drivers/STM32F7xx_HAL_Driver/Src/stm32f7xx_hal_rcc.o
 .debug_line    0x00000000000069cb      0x919 Drivers/STM32F7xx_HAL_Driver/Src/stm32f7xx_hal_rcc_ex.o
 .debug_line    0x00000000000072e4     0x11fb Drivers/STM32F7xx_HAL_Driver/Src/stm32f7xx_hal_uart.o
 .debug_line    0x00000000000084df     0x10f8 Drivers/STM32F7xx_HAL_Driver/Src/stm32f7xx_hal_usart.o
 .debug_line    0x00000000000095d7      0xbca Drivers/STM32F7xx_HAL_Driver/Src/stm32f7xx_ll_tim.o

.debug_str      0x0000000000000000   0x102055
 .debug_str     0x0000000000000000    0xfd96b Core/Src/main.o
                                      0xfed17 (size before relaxing)
 .debug_str     0x00000000000fd96b       0x7d Core/Src/stm32f7xx_hal_msp.o
                                      0xf9f35 (size before relaxing)
 .debug_str     0x00000000000fd9e8       0xd5 Core/Src/stm32f7xx_it.o
                                      0xf9abc (size before relaxing)
 .debug_str     0x00000000000fdabd      0x4d1 Core/Src/sysmem.o
                                       0x7b20 (size before relaxing)
 .debug_str     0x00000000000fdf8e      0x18d Core/Src/system_stm32f7xx.o
                                      0xe7f00 (size before relaxing)
 .debug_str     0x00000000000fe11b       0x36 Core/Startup/startup_stm32f767zitx.o
                                         0x6e (size before relaxing)
 .debug_str     0x00000000000fe151      0x3ba Drivers/STM32F7xx_HAL_Driver/Src/stm32f7xx_hal.o
                                      0xe887c (size before relaxing)
 .debug_str     0x00000000000fe50b      0x38f Drivers/STM32F7xx_HAL_Driver/Src/stm32f7xx_hal_cortex.o
                                      0xe88f5 (size before relaxing)
 .debug_str     0x00000000000fe89a      0x32d Drivers/STM32F7xx_HAL_Driver/Src/stm32f7xx_hal_dma.o
                                      0xe823a (size before relaxing)
 .debug_str     0x00000000000febc7      0x244 Drivers/STM32F7xx_HAL_Driver/Src/stm32f7xx_hal_gpio.o
                                      0xe80d6 (size before relaxing)
 .debug_str     0x00000000000fee0b      0x2c5 Drivers/STM32F7xx_HAL_Driver/Src/stm32f7xx_hal_pwr.o
                                      0xe81b8 (size before relaxing)
 .debug_str     0x00000000000ff0d0      0x1bd Drivers/STM32F7xx_HAL_Driver/Src/stm32f7xx_hal_pwr_ex.o
                                      0xe817a (size before relaxing)
 .debug_str     0x00000000000ff28d      0x274 Drivers/STM32F7xx_HAL_Driver/Src/stm32f7xx_hal_rcc.o
                                      0xe8229 (size before relaxing)
 .debug_str     0x00000000000ff501      0x161 Drivers/STM32F7xx_HAL_Driver/Src/stm32f7xx_hal_rcc_ex.o
                                      0xe81e9 (size before relaxing)
 .debug_str     0x00000000000ff662      0x776 Drivers/STM32F7xx_HAL_Driver/Src/stm32f7xx_hal_uart.o
                                      0xe89ee (size before relaxing)
 .debug_str     0x00000000000ffdd8      0x63b Drivers/STM32F7xx_HAL_Driver/Src/stm32f7xx_hal_usart.o
                                      0xe88f0 (size before relaxing)
 .debug_str     0x0000000000100413     0x1c42 Drivers/STM32F7xx_HAL_Driver/Src/stm32f7xx_ll_tim.o
                                      0xeecd8 (size before relaxing)

.comment        0x0000000000000000       0x7b
 .comment       0x0000000000000000       0x7b Core/Src/main.o
                                         0x7c (size before relaxing)
 .comment       0x000000000000007b       0x7c Core/Src/stm32f7xx_hal_msp.o
 .comment       0x000000000000007b       0x7c Core/Src/stm32f7xx_it.o
 .comment       0x000000000000007b       0x7c Core/Src/sysmem.o
 .comment       0x000000000000007b       0x7c Core/Src/system_stm32f7xx.o
 .comment       0x000000000000007b       0x7c Drivers/STM32F7xx_HAL_Driver/Src/stm32f7xx_hal.o
 .comment       0x000000000000007b       0x7c Drivers/STM32F7xx_HAL_Driver/Src/stm32f7xx_hal_cortex.o
 .comment       0x000000000000007b       0x7c Drivers/STM32F7xx_HAL_Driver/Src/stm32f7xx_hal_dma.o
 .comment       0x000000000000007b       0x7c Drivers/STM32F7xx_HAL_Driver/Src/stm32f7xx_hal_gpio.o
 .comment       0x000000000000007b       0x7c Drivers/STM32F7xx_HAL_Driver/Src/stm32f7xx_hal_pwr.o
 .comment       0x000000000000007b       0x7c Drivers/STM32F7xx_HAL_Driver/Src/stm32f7xx_hal_pwr_ex.o
 .comment       0x000000000000007b       0x7c Drivers/STM32F7xx_HAL_Driver/Src/stm32f7xx_hal_rcc.o
 .comment       0x000000000000007b       0x7c Drivers/STM32F7xx_HAL_Driver/Src/stm32f7xx_hal_rcc_ex.o
 .comment       0x000000000000007b       0x7c Drivers/STM32F7xx_HAL_Driver/Src/stm32f7xx_hal_uart.o
 .comment       0x000000000000007b       0x7c Drivers/STM32F7xx_HAL_Driver/Src/stm32f7xx_hal_usart.o
 .comment       0x000000000000007b       0x7c Drivers/STM32F7xx_HAL_Driver/Src/stm32f7xx_ll_tim.o

.debug_frame    0x0000000000000000     0x3238
 .debug_frame   0x0000000000000000      0x2f4 Core/Src/main.o
 .debug_frame   0x00000000000002f4       0xc8 Core/Src/stm32f7xx_hal_msp.o
 .debug_frame   0x00000000000003bc      0x128 Core/Src/stm32f7xx_it.o
 .debug_frame   0x00000000000004e4       0x34 Core/Src/sysmem.o
 .debug_frame   0x0000000000000518       0x58 Core/Src/system_stm32f7xx.o
 .debug_frame   0x0000000000000570      0x3f4 Drivers/STM32F7xx_HAL_Driver/Src/stm32f7xx_hal.o
 .debug_frame   0x0000000000000964      0x498 Drivers/STM32F7xx_HAL_Driver/Src/stm32f7xx_hal_cortex.o
 .debug_frame   0x0000000000000dfc      0x250 Drivers/STM32F7xx_HAL_Driver/Src/stm32f7xx_hal_dma.o
 .debug_frame   0x000000000000104c      0x14c Drivers/STM32F7xx_HAL_Driver/Src/stm32f7xx_hal_gpio.o
 .debug_frame   0x0000000000001198      0x254 Drivers/STM32F7xx_HAL_Driver/Src/stm32f7xx_hal_pwr.o
 .debug_frame   0x00000000000013ec      0x1c8 Drivers/STM32F7xx_HAL_Driver/Src/stm32f7xx_hal_pwr_ex.o
 .debug_frame   0x00000000000015b4      0x1f4 Drivers/STM32F7xx_HAL_Driver/Src/stm32f7xx_hal_rcc.o
 .debug_frame   0x00000000000017a8      0x118 Drivers/STM32F7xx_HAL_Driver/Src/stm32f7xx_hal_rcc_ex.o
 .debug_frame   0x00000000000018c0      0x8f4 Drivers/STM32F7xx_HAL_Driver/Src/stm32f7xx_hal_uart.o
 .debug_frame   0x00000000000021b4      0x6c4 Drivers/STM32F7xx_HAL_Driver/Src/stm32f7xx_hal_usart.o
 .debug_frame   0x0000000000002878      0x5d0 Drivers/STM32F7xx_HAL_Driver/Src/stm32f7xx_ll_tim.o
 .debug_frame   0x0000000000002e48       0x20 c:/st/stm32cubeide_1.2.0/stm32cubeide/plugins/com.st.stm32cube.ide.mcu.externaltools.gnu-tools-for-stm32.7-2018-q2-update.win32_1.0.0.201904181610/tools/bin/../lib/gcc/arm-none-eabi/7.3.1/../../../../arm-none-eabi/lib/thumb/v7e-m/fpv5/hard\libc_nano.a(lib_a-errno.o)
 .debug_frame   0x0000000000002e68       0x2c c:/st/stm32cubeide_1.2.0/stm32cubeide/plugins/com.st.stm32cube.ide.mcu.externaltools.gnu-tools-for-stm32.7-2018-q2-update.win32_1.0.0.201904181610/tools/bin/../lib/gcc/arm-none-eabi/7.3.1/../../../../arm-none-eabi/lib/thumb/v7e-m/fpv5/hard\libc_nano.a(lib_a-init.o)
 .debug_frame   0x0000000000002e94       0x20 c:/st/stm32cubeide_1.2.0/stm32cubeide/plugins/com.st.stm32cube.ide.mcu.externaltools.gnu-tools-for-stm32.7-2018-q2-update.win32_1.0.0.201904181610/tools/bin/../lib/gcc/arm-none-eabi/7.3.1/../../../../arm-none-eabi/lib/thumb/v7e-m/fpv5/hard\libc_nano.a(lib_a-memset.o)
 .debug_frame   0x0000000000002eb4       0x6c c:/st/stm32cubeide_1.2.0/stm32cubeide/plugins/com.st.stm32cube.ide.mcu.externaltools.gnu-tools-for-stm32.7-2018-q2-update.win32_1.0.0.201904181610/tools/bin/../lib/gcc/arm-none-eabi/7.3.1/../../../../arm-none-eabi/lib/thumb/v7e-m/fpv5/hard\libc_nano.a(lib_a-sprintf.o)
 .debug_frame   0x0000000000002f20       0x90 c:/st/stm32cubeide_1.2.0/stm32cubeide/plugins/com.st.stm32cube.ide.mcu.externaltools.gnu-tools-for-stm32.7-2018-q2-update.win32_1.0.0.201904181610/tools/bin/../lib/gcc/arm-none-eabi/7.3.1/../../../../arm-none-eabi/lib/thumb/v7e-m/fpv5/hard\libc_nano.a(lib_a-nano-svfprintf.o)
 .debug_frame   0x0000000000002fb0       0x60 c:/st/stm32cubeide_1.2.0/stm32cubeide/plugins/com.st.stm32cube.ide.mcu.externaltools.gnu-tools-for-stm32.7-2018-q2-update.win32_1.0.0.201904181610/tools/bin/../lib/gcc/arm-none-eabi/7.3.1/../../../../arm-none-eabi/lib/thumb/v7e-m/fpv5/hard\libc_nano.a(lib_a-nano-vfprintf_i.o)
 .debug_frame   0x0000000000003010       0x28 c:/st/stm32cubeide_1.2.0/stm32cubeide/plugins/com.st.stm32cube.ide.mcu.externaltools.gnu-tools-for-stm32.7-2018-q2-update.win32_1.0.0.201904181610/tools/bin/../lib/gcc/arm-none-eabi/7.3.1/../../../../arm-none-eabi/lib/thumb/v7e-m/fpv5/hard\libc_nano.a(lib_a-memcpy-stub.o)
 .debug_frame   0x0000000000003038       0x28 c:/st/stm32cubeide_1.2.0/stm32cubeide/plugins/com.st.stm32cube.ide.mcu.externaltools.gnu-tools-for-stm32.7-2018-q2-update.win32_1.0.0.201904181610/tools/bin/../lib/gcc/arm-none-eabi/7.3.1/../../../../arm-none-eabi/lib/thumb/v7e-m/fpv5/hard\libc_nano.a(lib_a-memmove.o)
 .debug_frame   0x0000000000003060       0x38 c:/st/stm32cubeide_1.2.0/stm32cubeide/plugins/com.st.stm32cube.ide.mcu.externaltools.gnu-tools-for-stm32.7-2018-q2-update.win32_1.0.0.201904181610/tools/bin/../lib/gcc/arm-none-eabi/7.3.1/../../../../arm-none-eabi/lib/thumb/v7e-m/fpv5/hard\libc_nano.a(lib_a-nano-freer.o)
 .debug_frame   0x0000000000003098       0x2c c:/st/stm32cubeide_1.2.0/stm32cubeide/plugins/com.st.stm32cube.ide.mcu.externaltools.gnu-tools-for-stm32.7-2018-q2-update.win32_1.0.0.201904181610/tools/bin/../lib/gcc/arm-none-eabi/7.3.1/../../../../arm-none-eabi/lib/thumb/v7e-m/fpv5/hard\libc_nano.a(lib_a-nano-mallocr.o)
 .debug_frame   0x00000000000030c4       0x3c c:/st/stm32cubeide_1.2.0/stm32cubeide/plugins/com.st.stm32cube.ide.mcu.externaltools.gnu-tools-for-stm32.7-2018-q2-update.win32_1.0.0.201904181610/tools/bin/../lib/gcc/arm-none-eabi/7.3.1/../../../../arm-none-eabi/lib/thumb/v7e-m/fpv5/hard\libc_nano.a(lib_a-nano-reallocr.o)
 .debug_frame   0x0000000000003100       0x2c c:/st/stm32cubeide_1.2.0/stm32cubeide/plugins/com.st.stm32cube.ide.mcu.externaltools.gnu-tools-for-stm32.7-2018-q2-update.win32_1.0.0.201904181610/tools/bin/../lib/gcc/arm-none-eabi/7.3.1/../../../../arm-none-eabi/lib/thumb/v7e-m/fpv5/hard\libc_nano.a(lib_a-sbrkr.o)
 .debug_frame   0x000000000000312c       0x30 c:/st/stm32cubeide_1.2.0/stm32cubeide/plugins/com.st.stm32cube.ide.mcu.externaltools.gnu-tools-for-stm32.7-2018-q2-update.win32_1.0.0.201904181610/tools/bin/../lib/gcc/arm-none-eabi/7.3.1/../../../../arm-none-eabi/lib/thumb/v7e-m/fpv5/hard\libc_nano.a(lib_a-mlock.o)
 .debug_frame   0x000000000000315c       0x20 c:/st/stm32cubeide_1.2.0/stm32cubeide/plugins/com.st.stm32cube.ide.mcu.externaltools.gnu-tools-for-stm32.7-2018-q2-update.win32_1.0.0.201904181610/tools/bin/../lib/gcc/arm-none-eabi/7.3.1/../../../../arm-none-eabi/lib/thumb/v7e-m/fpv5/hard\libc_nano.a(lib_a-nano-msizer.o)
 .debug_frame   0x000000000000317c       0x5c c:/st/stm32cubeide_1.2.0/stm32cubeide/plugins/com.st.stm32cube.ide.mcu.externaltools.gnu-tools-for-stm32.7-2018-q2-update.win32_1.0.0.201904181610/tools/bin/../lib/gcc/arm-none-eabi/7.3.1/../../../../arm-none-eabi/lib/thumb/v7e-m/fpv5/hard\libc_nano.a(lib_a-reent.o)
 .debug_frame   0x00000000000031d8       0x2c c:/st/stm32cubeide_1.2.0/stm32cubeide/plugins/com.st.stm32cube.ide.mcu.externaltools.gnu-tools-for-stm32.7-2018-q2-update.win32_1.0.0.201904181610/tools/bin/../lib/gcc/arm-none-eabi/7.3.1/thumb/v7e-m/fpv5/hard\libgcc.a(_aeabi_uldivmod.o)
 .debug_frame   0x0000000000003204       0x34 c:/st/stm32cubeide_1.2.0/stm32cubeide/plugins/com.st.stm32cube.ide.mcu.externaltools.gnu-tools-for-stm32.7-2018-q2-update.win32_1.0.0.201904181610/tools/bin/../lib/gcc/arm-none-eabi/7.3.1/thumb/v7e-m/fpv5/hard\libgcc.a(_udivmoddi4.o)
