stm32f7xx_ll_tim.h:1263:22:LL_TIM_EnableCounter	16	static
stm32f7xx_ll_tim.h:1445:22:LL_TIM_DisableARRPreload	16	static
stm32f7xx_ll_tim.h:1505:22:LL_TIM_SetCounter	16	static
stm32f7xx_ll_tim.h:1518:26:LL_TIM_GetCounter	16	static
stm32f7xx_ll_tim.h:3007:22:LL_TIM_SetClockSource	16	static
stm32f7xx_ll_tim.h:3053:22:LL_TIM_SetTriggerOutput	16	static
stm32f7xx_ll_tim.h:3083:22:LL_TIM_SetTriggerOutput2	16	static
stm32f7xx_ll_tim.h:3150:22:LL_TIM_DisableMasterSlaveMode	16	static
stm32f7xx_ll_bus.h:1073:22:LL_APB1_GRP1_EnableClock	24	static
stm32f7xx_ll_bus.h:1589:22:LL_APB2_GRP1_EnableClock	24	static
main.c:85:5:main	16	static
main.c:205:6:SystemClock_Config	232	static
main.c:265:13:MX_TIM1_Init	32	static
main.c:302:13:MX_TIM2_Init	32	static
main.c:337:13:MX_UART7_Init	8	static
main.c:372:13:MX_USART3_Init	8	static
main.c:404:13:MX_DMA_Init	16	static
main.c:422:13:MX_GPIO_Init	48	static
main.c:449:6:HAL_UART_RxCpltCallback	16	static
main.c:464:6:Error_Handler	4	static
